[0.144s] DEBUG:colcon:Command line arguments: ['/usr/bin/colcon', 'build', '--packages-select', 'imu_driver_ros']
[0.144s] DEBUG:colcon:Parsed command line arguments: Namespace(log_base=None, log_level=None, verb_name='build', build_base='build', install_base='install', merge_install=False, symlink_install=False, test_result_base=None, continue_on_error=False, executor='parallel', parallel_workers=4, event_handlers=None, ignore_user_meta=False, metas=['./colcon.meta'], base_paths=['.'], packages_ignore=None, packages_ignore_regex=None, paths=None, packages_up_to=None, packages_up_to_regex=None, packages_above=None, packages_above_and_dependencies=None, packages_above_depth=None, packages_select_by_dep=None, packages_skip_by_dep=None, packages_skip_up_to=None, packages_select_build_failed=False, packages_skip_build_finished=False, packages_select_test_failures=False, packages_skip_test_passed=False, packages_select=['imu_driver_ros'], packages_skip=None, packages_select_regex=None, packages_skip_regex=None, packages_start=None, packages_end=None, cmake_args=None, cmake_target=None, cmake_target_skip_unavailable=False, cmake_clean_cache=False, cmake_clean_first=False, cmake_force_configure=False, ament_cmake_args=None, catkin_cmake_args=None, catkin_skip_building_tests=False, mixin_files=None, mixin=None, verb_parser=<colcon_mixin.mixin.mixin_argument.MixinArgumentDecorator object at 0x7fff91bb1ed0>, verb_extension=<colcon_core.verb.build.BuildVerb object at 0x7fff91d730a0>, main=<bound method BuildVerb.main of <colcon_core.verb.build.BuildVerb object at 0x7fff91d730a0>>, mixin_verb=('build',))
[0.271s] Level 1:colcon.colcon_core.package_discovery:discover_packages(colcon_meta) check parameters
[0.272s] INFO:colcon.colcon_metadata.package_discovery.colcon_meta:Using configuration from '/root/.colcon/metadata/default/Gazebo.meta'
[0.273s] INFO:colcon.colcon_metadata.package_discovery.colcon_meta:Using configuration from '/root/.colcon/metadata/default/fastdds.meta'
[0.274s] INFO:colcon.colcon_metadata.package_discovery.colcon_meta:Using configuration from '/root/.colcon/metadata/default/fastrtps.meta'
[0.274s] Level 1:colcon.colcon_core.package_discovery:discover_packages(recursive) check parameters
[0.274s] Level 1:colcon.colcon_core.package_discovery:discover_packages(ignore) check parameters
[0.274s] Level 1:colcon.colcon_core.package_discovery:discover_packages(path) check parameters
[0.274s] Level 1:colcon.colcon_core.package_discovery:discover_packages(colcon_meta) discover
[0.274s] Level 1:colcon.colcon_core.package_discovery:discover_packages(recursive) discover
[0.274s] INFO:colcon.colcon_core.package_discovery:Crawling recursively for packages in '/workspace'
[0.274s] Level 1:colcon.colcon_core.package_identification:_identify(.) by extensions ['ignore', 'ignore_ament_install']
[0.274s] Level 1:colcon.colcon_core.package_identification:_identify(.) by extension 'ignore'
[0.274s] Level 1:colcon.colcon_core.package_identification:_identify(.) by extension 'ignore_ament_install'
[0.274s] Level 1:colcon.colcon_core.package_identification:_identify(.) by extensions ['colcon_pkg']
[0.274s] Level 1:colcon.colcon_core.package_identification:_identify(.) by extension 'colcon_pkg'
[0.274s] Level 1:colcon.colcon_core.package_identification:_identify(.) by extensions ['colcon_meta']
[0.274s] Level 1:colcon.colcon_core.package_identification:_identify(.) by extension 'colcon_meta'
[0.274s] Level 1:colcon.colcon_core.package_identification:_identify(.) by extensions ['ros']
[0.274s] Level 1:colcon.colcon_core.package_identification:_identify(.) by extension 'ros'
[0.287s] Level 1:colcon.colcon_core.package_identification:_identify(.) by extensions ['cmake', 'python']
[0.288s] Level 1:colcon.colcon_core.package_identification:_identify(.) by extension 'cmake'
[0.288s] Level 1:colcon.colcon_core.package_identification:_identify(.) by extension 'python'
[0.288s] Level 1:colcon.colcon_core.package_identification:_identify(.) by extensions ['python_setup_py']
[0.288s] Level 1:colcon.colcon_core.package_identification:_identify(.) by extension 'python_setup_py'
[0.288s] Level 1:colcon.colcon_core.package_identification:_identify(build) by extensions ['ignore', 'ignore_ament_install']
[0.288s] Level 1:colcon.colcon_core.package_identification:_identify(build) by extension 'ignore'
[0.288s] Level 1:colcon.colcon_core.package_identification:_identify(build) ignored
[0.288s] Level 1:colcon.colcon_core.package_identification:_identify(data) by extensions ['ignore', 'ignore_ament_install']
[0.288s] Level 1:colcon.colcon_core.package_identification:_identify(data) by extension 'ignore'
[0.288s] Level 1:colcon.colcon_core.package_identification:_identify(data) by extension 'ignore_ament_install'
[0.288s] Level 1:colcon.colcon_core.package_identification:_identify(data) by extensions ['colcon_pkg']
[0.288s] Level 1:colcon.colcon_core.package_identification:_identify(data) by extension 'colcon_pkg'
[0.288s] Level 1:colcon.colcon_core.package_identification:_identify(data) by extensions ['colcon_meta']
[0.288s] Level 1:colcon.colcon_core.package_identification:_identify(data) by extension 'colcon_meta'
[0.289s] Level 1:colcon.colcon_core.package_identification:_identify(data) by extensions ['ros']
[0.289s] Level 1:colcon.colcon_core.package_identification:_identify(data) by extension 'ros'
[0.289s] Level 1:colcon.colcon_core.package_identification:_identify(data) by extensions ['cmake', 'python']
[0.289s] Level 1:colcon.colcon_core.package_identification:_identify(data) by extension 'cmake'
[0.289s] Level 1:colcon.colcon_core.package_identification:_identify(data) by extension 'python'
[0.289s] Level 1:colcon.colcon_core.package_identification:_identify(data) by extensions ['python_setup_py']
[0.289s] Level 1:colcon.colcon_core.package_identification:_identify(data) by extension 'python_setup_py'
[0.289s] Level 1:colcon.colcon_core.package_identification:_identify(docker ) by extensions ['ignore', 'ignore_ament_install']
[0.289s] Level 1:colcon.colcon_core.package_identification:_identify(docker ) by extension 'ignore'
[0.289s] Level 1:colcon.colcon_core.package_identification:_identify(docker ) by extension 'ignore_ament_install'
[0.289s] Level 1:colcon.colcon_core.package_identification:_identify(docker ) by extensions ['colcon_pkg']
[0.289s] Level 1:colcon.colcon_core.package_identification:_identify(docker ) by extension 'colcon_pkg'
[0.289s] Level 1:colcon.colcon_core.package_identification:_identify(docker ) by extensions ['colcon_meta']
[0.289s] Level 1:colcon.colcon_core.package_identification:_identify(docker ) by extension 'colcon_meta'
[0.289s] Level 1:colcon.colcon_core.package_identification:_identify(docker ) by extensions ['ros']
[0.289s] Level 1:colcon.colcon_core.package_identification:_identify(docker ) by extension 'ros'
[0.289s] Level 1:colcon.colcon_core.package_identification:_identify(docker ) by extensions ['cmake', 'python']
[0.289s] Level 1:colcon.colcon_core.package_identification:_identify(docker ) by extension 'cmake'
[0.289s] Level 1:colcon.colcon_core.package_identification:_identify(docker ) by extension 'python'
[0.289s] Level 1:colcon.colcon_core.package_identification:_identify(docker ) by extensions ['python_setup_py']
[0.289s] Level 1:colcon.colcon_core.package_identification:_identify(docker ) by extension 'python_setup_py'
[0.289s] Level 1:colcon.colcon_core.package_identification:_identify(install) by extensions ['ignore', 'ignore_ament_install']
[0.290s] Level 1:colcon.colcon_core.package_identification:_identify(install) by extension 'ignore'
[0.290s] Level 1:colcon.colcon_core.package_identification:_identify(install) ignored
[0.290s] Level 1:colcon.colcon_core.package_identification:_identify(launch) by extensions ['ignore', 'ignore_ament_install']
[0.290s] Level 1:colcon.colcon_core.package_identification:_identify(launch) by extension 'ignore'
[0.290s] Level 1:colcon.colcon_core.package_identification:_identify(launch) by extension 'ignore_ament_install'
[0.290s] Level 1:colcon.colcon_core.package_identification:_identify(launch) by extensions ['colcon_pkg']
[0.290s] Level 1:colcon.colcon_core.package_identification:_identify(launch) by extension 'colcon_pkg'
[0.290s] Level 1:colcon.colcon_core.package_identification:_identify(launch) by extensions ['colcon_meta']
[0.290s] Level 1:colcon.colcon_core.package_identification:_identify(launch) by extension 'colcon_meta'
[0.290s] Level 1:colcon.colcon_core.package_identification:_identify(launch) by extensions ['ros']
[0.290s] Level 1:colcon.colcon_core.package_identification:_identify(launch) by extension 'ros'
[0.290s] Level 1:colcon.colcon_core.package_identification:_identify(launch) by extensions ['cmake', 'python']
[0.290s] Level 1:colcon.colcon_core.package_identification:_identify(launch) by extension 'cmake'
[0.290s] Level 1:colcon.colcon_core.package_identification:_identify(launch) by extension 'python'
[0.290s] Level 1:colcon.colcon_core.package_identification:_identify(launch) by extensions ['python_setup_py']
[0.290s] Level 1:colcon.colcon_core.package_identification:_identify(launch) by extension 'python_setup_py'
[0.290s] Level 1:colcon.colcon_core.package_identification:_identify(log) by extensions ['ignore', 'ignore_ament_install']
[0.290s] Level 1:colcon.colcon_core.package_identification:_identify(log) by extension 'ignore'
[0.290s] Level 1:colcon.colcon_core.package_identification:_identify(log) ignored
[0.291s] Level 1:colcon.colcon_core.package_identification:_identify(src) by extensions ['ignore', 'ignore_ament_install']
[0.291s] Level 1:colcon.colcon_core.package_identification:_identify(src) by extension 'ignore'
[0.291s] Level 1:colcon.colcon_core.package_identification:_identify(src) by extension 'ignore_ament_install'
[0.291s] Level 1:colcon.colcon_core.package_identification:_identify(src) by extensions ['colcon_pkg']
[0.291s] Level 1:colcon.colcon_core.package_identification:_identify(src) by extension 'colcon_pkg'
[0.291s] Level 1:colcon.colcon_core.package_identification:_identify(src) by extensions ['colcon_meta']
[0.291s] Level 1:colcon.colcon_core.package_identification:_identify(src) by extension 'colcon_meta'
[0.291s] Level 1:colcon.colcon_core.package_identification:_identify(src) by extensions ['ros']
[0.291s] Level 1:colcon.colcon_core.package_identification:_identify(src) by extension 'ros'
[0.291s] Level 1:colcon.colcon_core.package_identification:_identify(src) by extensions ['cmake', 'python']
[0.291s] Level 1:colcon.colcon_core.package_identification:_identify(src) by extension 'cmake'
[0.291s] Level 1:colcon.colcon_core.package_identification:_identify(src) by extension 'python'
[0.291s] Level 1:colcon.colcon_core.package_identification:_identify(src) by extensions ['python_setup_py']
[0.291s] Level 1:colcon.colcon_core.package_identification:_identify(src) by extension 'python_setup_py'
[0.291s] Level 1:colcon.colcon_core.package_identification:_identify(src/imu_driver_ros) by extensions ['ignore', 'ignore_ament_install']
[0.291s] Level 1:colcon.colcon_core.package_identification:_identify(src/imu_driver_ros) by extension 'ignore'
[0.291s] Level 1:colcon.colcon_core.package_identification:_identify(src/imu_driver_ros) by extension 'ignore_ament_install'
[0.291s] Level 1:colcon.colcon_core.package_identification:_identify(src/imu_driver_ros) by extensions ['colcon_pkg']
[0.291s] Level 1:colcon.colcon_core.package_identification:_identify(src/imu_driver_ros) by extension 'colcon_pkg'
[0.291s] Level 1:colcon.colcon_core.package_identification:_identify(src/imu_driver_ros) by extensions ['colcon_meta']
[0.291s] Level 1:colcon.colcon_core.package_identification:_identify(src/imu_driver_ros) by extension 'colcon_meta'
[0.291s] Level 1:colcon.colcon_core.package_identification:_identify(src/imu_driver_ros) by extensions ['ros']
[0.291s] Level 1:colcon.colcon_core.package_identification:_identify(src/imu_driver_ros) by extension 'ros'
[0.294s] DEBUG:colcon.colcon_core.package_identification:Package 'src/imu_driver_ros' with type 'ros.ament_cmake' and name 'imu_driver_ros'
[0.294s] Level 1:colcon.colcon_core.package_identification:_identify(src/imu_node) by extensions ['ignore', 'ignore_ament_install']
[0.295s] Level 1:colcon.colcon_core.package_identification:_identify(src/imu_node) by extension 'ignore'
[0.295s] Level 1:colcon.colcon_core.package_identification:_identify(src/imu_node) by extension 'ignore_ament_install'
[0.295s] Level 1:colcon.colcon_core.package_identification:_identify(src/imu_node) by extensions ['colcon_pkg']
[0.295s] Level 1:colcon.colcon_core.package_identification:_identify(src/imu_node) by extension 'colcon_pkg'
[0.295s] Level 1:colcon.colcon_core.package_identification:_identify(src/imu_node) by extensions ['colcon_meta']
[0.295s] Level 1:colcon.colcon_core.package_identification:_identify(src/imu_node) by extension 'colcon_meta'
[0.295s] Level 1:colcon.colcon_core.package_identification:_identify(src/imu_node) by extensions ['ros']
[0.295s] Level 1:colcon.colcon_core.package_identification:_identify(src/imu_node) by extension 'ros'
[0.295s] Level 1:colcon.colcon_core.package_identification:_identify(src/imu_node) by extensions ['cmake', 'python']
[0.295s] Level 1:colcon.colcon_core.package_identification:_identify(src/imu_node) by extension 'cmake'
[0.295s] Level 1:colcon.colcon_core.package_identification:_identify(src/imu_node) by extension 'python'
[0.295s] Level 1:colcon.colcon_core.package_identification:_identify(src/imu_node) by extensions ['python_setup_py']
[0.295s] Level 1:colcon.colcon_core.package_identification:_identify(src/imu_node) by extension 'python_setup_py'
[0.295s] Level 1:colcon.colcon_core.package_identification:_identify(trash) by extensions ['ignore', 'ignore_ament_install']
[0.295s] Level 1:colcon.colcon_core.package_identification:_identify(trash) by extension 'ignore'
[0.295s] Level 1:colcon.colcon_core.package_identification:_identify(trash) by extension 'ignore_ament_install'
[0.295s] Level 1:colcon.colcon_core.package_identification:_identify(trash) by extensions ['colcon_pkg']
[0.295s] Level 1:colcon.colcon_core.package_identification:_identify(trash) by extension 'colcon_pkg'
[0.295s] Level 1:colcon.colcon_core.package_identification:_identify(trash) by extensions ['colcon_meta']
[0.295s] Level 1:colcon.colcon_core.package_identification:_identify(trash) by extension 'colcon_meta'
[0.295s] Level 1:colcon.colcon_core.package_identification:_identify(trash) by extensions ['ros']
[0.296s] Level 1:colcon.colcon_core.package_identification:_identify(trash) by extension 'ros'
[0.296s] Level 1:colcon.colcon_core.package_identification:_identify(trash) by extensions ['cmake', 'python']
[0.296s] Level 1:colcon.colcon_core.package_identification:_identify(trash) by extension 'cmake'
[0.296s] Level 1:colcon.colcon_core.package_identification:_identify(trash) by extension 'python'
[0.296s] Level 1:colcon.colcon_core.package_identification:_identify(trash) by extensions ['python_setup_py']
[0.296s] Level 1:colcon.colcon_core.package_identification:_identify(trash) by extension 'python_setup_py'
[0.296s] Level 1:colcon.colcon_core.package_identification:_identify(trash/config) by extensions ['ignore', 'ignore_ament_install']
[0.296s] Level 1:colcon.colcon_core.package_identification:_identify(trash/config) by extension 'ignore'
[0.296s] Level 1:colcon.colcon_core.package_identification:_identify(trash/config) by extension 'ignore_ament_install'
[0.296s] Level 1:colcon.colcon_core.package_identification:_identify(trash/config) by extensions ['colcon_pkg']
[0.296s] Level 1:colcon.colcon_core.package_identification:_identify(trash/config) by extension 'colcon_pkg'
[0.296s] Level 1:colcon.colcon_core.package_identification:_identify(trash/config) by extensions ['colcon_meta']
[0.296s] Level 1:colcon.colcon_core.package_identification:_identify(trash/config) by extension 'colcon_meta'
[0.296s] Level 1:colcon.colcon_core.package_identification:_identify(trash/config) by extensions ['ros']
[0.296s] Level 1:colcon.colcon_core.package_identification:_identify(trash/config) by extension 'ros'
[0.296s] Level 1:colcon.colcon_core.package_identification:_identify(trash/config) by extensions ['cmake', 'python']
[0.296s] Level 1:colcon.colcon_core.package_identification:_identify(trash/config) by extension 'cmake'
[0.296s] Level 1:colcon.colcon_core.package_identification:_identify(trash/config) by extension 'python'
[0.296s] Level 1:colcon.colcon_core.package_identification:_identify(trash/config) by extensions ['python_setup_py']
[0.296s] Level 1:colcon.colcon_core.package_identification:_identify(trash/config) by extension 'python_setup_py'
[0.296s] Level 1:colcon.colcon_core.package_identification:_identify(trash/old) by extensions ['ignore', 'ignore_ament_install']
[0.297s] Level 1:colcon.colcon_core.package_identification:_identify(trash/old) by extension 'ignore'
[0.297s] Level 1:colcon.colcon_core.package_identification:_identify(trash/old) by extension 'ignore_ament_install'
[0.297s] Level 1:colcon.colcon_core.package_identification:_identify(trash/old) by extensions ['colcon_pkg']
[0.297s] Level 1:colcon.colcon_core.package_identification:_identify(trash/old) by extension 'colcon_pkg'
[0.297s] Level 1:colcon.colcon_core.package_identification:_identify(trash/old) by extensions ['colcon_meta']
[0.297s] Level 1:colcon.colcon_core.package_identification:_identify(trash/old) by extension 'colcon_meta'
[0.297s] Level 1:colcon.colcon_core.package_identification:_identify(trash/old) by extensions ['ros']
[0.297s] Level 1:colcon.colcon_core.package_identification:_identify(trash/old) by extension 'ros'
[0.297s] Level 1:colcon.colcon_core.package_identification:_identify(trash/old) by extensions ['cmake', 'python']
[0.297s] Level 1:colcon.colcon_core.package_identification:_identify(trash/old) by extension 'cmake'
[0.297s] Level 1:colcon.colcon_core.package_identification:_identify(trash/old) by extension 'python'
[0.297s] Level 1:colcon.colcon_core.package_identification:_identify(trash/old) by extensions ['python_setup_py']
[0.297s] Level 1:colcon.colcon_core.package_identification:_identify(trash/old) by extension 'python_setup_py'
[0.297s] Level 1:colcon.colcon_core.package_identification:_identify(trash/orientation) by extensions ['ignore', 'ignore_ament_install']
[0.297s] Level 1:colcon.colcon_core.package_identification:_identify(trash/orientation) by extension 'ignore'
[0.297s] Level 1:colcon.colcon_core.package_identification:_identify(trash/orientation) by extension 'ignore_ament_install'
[0.297s] Level 1:colcon.colcon_core.package_identification:_identify(trash/orientation) by extensions ['colcon_pkg']
[0.297s] Level 1:colcon.colcon_core.package_identification:_identify(trash/orientation) by extension 'colcon_pkg'
[0.297s] Level 1:colcon.colcon_core.package_identification:_identify(trash/orientation) by extensions ['colcon_meta']
[0.298s] Level 1:colcon.colcon_core.package_identification:_identify(trash/orientation) by extension 'colcon_meta'
[0.298s] Level 1:colcon.colcon_core.package_identification:_identify(trash/orientation) by extensions ['ros']
[0.298s] Level 1:colcon.colcon_core.package_identification:_identify(trash/orientation) by extension 'ros'
[0.298s] Level 1:colcon.colcon_core.package_identification:_identify(trash/orientation) by extensions ['cmake', 'python']
[0.298s] Level 1:colcon.colcon_core.package_identification:_identify(trash/orientation) by extension 'cmake'
[0.298s] Level 1:colcon.colcon_core.package_identification:_identify(trash/orientation) by extension 'python'
[0.298s] Level 1:colcon.colcon_core.package_identification:_identify(trash/orientation) by extensions ['python_setup_py']
[0.298s] Level 1:colcon.colcon_core.package_identification:_identify(trash/orientation) by extension 'python_setup_py'
[0.298s] Level 1:colcon.colcon_core.package_identification:_identify(trash/utils) by extensions ['ignore', 'ignore_ament_install']
[0.298s] Level 1:colcon.colcon_core.package_identification:_identify(trash/utils) by extension 'ignore'
[0.298s] Level 1:colcon.colcon_core.package_identification:_identify(trash/utils) by extension 'ignore_ament_install'
[0.298s] Level 1:colcon.colcon_core.package_identification:_identify(trash/utils) by extensions ['colcon_pkg']
[0.298s] Level 1:colcon.colcon_core.package_identification:_identify(trash/utils) by extension 'colcon_pkg'
[0.298s] Level 1:colcon.colcon_core.package_identification:_identify(trash/utils) by extensions ['colcon_meta']
[0.298s] Level 1:colcon.colcon_core.package_identification:_identify(trash/utils) by extension 'colcon_meta'
[0.298s] Level 1:colcon.colcon_core.package_identification:_identify(trash/utils) by extensions ['ros']
[0.298s] Level 1:colcon.colcon_core.package_identification:_identify(trash/utils) by extension 'ros'
[0.298s] Level 1:colcon.colcon_core.package_identification:_identify(trash/utils) by extensions ['cmake', 'python']
[0.298s] Level 1:colcon.colcon_core.package_identification:_identify(trash/utils) by extension 'cmake'
[0.298s] Level 1:colcon.colcon_core.package_identification:_identify(trash/utils) by extension 'python'
[0.298s] Level 1:colcon.colcon_core.package_identification:_identify(trash/utils) by extensions ['python_setup_py']
[0.298s] Level 1:colcon.colcon_core.package_identification:_identify(trash/utils) by extension 'python_setup_py'
[0.299s] Level 1:colcon.colcon_core.package_identification:_identify(trash/utils/__pycache__) by extensions ['ignore', 'ignore_ament_install']
[0.299s] Level 1:colcon.colcon_core.package_identification:_identify(trash/utils/__pycache__) by extension 'ignore'
[0.299s] Level 1:colcon.colcon_core.package_identification:_identify(trash/utils/__pycache__) by extension 'ignore_ament_install'
[0.299s] Level 1:colcon.colcon_core.package_identification:_identify(trash/utils/__pycache__) by extensions ['colcon_pkg']
[0.299s] Level 1:colcon.colcon_core.package_identification:_identify(trash/utils/__pycache__) by extension 'colcon_pkg'
[0.299s] Level 1:colcon.colcon_core.package_identification:_identify(trash/utils/__pycache__) by extensions ['colcon_meta']
[0.299s] Level 1:colcon.colcon_core.package_identification:_identify(trash/utils/__pycache__) by extension 'colcon_meta'
[0.299s] Level 1:colcon.colcon_core.package_identification:_identify(trash/utils/__pycache__) by extensions ['ros']
[0.299s] Level 1:colcon.colcon_core.package_identification:_identify(trash/utils/__pycache__) by extension 'ros'
[0.299s] Level 1:colcon.colcon_core.package_identification:_identify(trash/utils/__pycache__) by extensions ['cmake', 'python']
[0.299s] Level 1:colcon.colcon_core.package_identification:_identify(trash/utils/__pycache__) by extension 'cmake'
[0.299s] Level 1:colcon.colcon_core.package_identification:_identify(trash/utils/__pycache__) by extension 'python'
[0.299s] Level 1:colcon.colcon_core.package_identification:_identify(trash/utils/__pycache__) by extensions ['python_setup_py']
[0.299s] Level 1:colcon.colcon_core.package_identification:_identify(trash/utils/__pycache__) by extension 'python_setup_py'
[0.299s] Level 1:colcon.colcon_core.package_discovery:discover_packages(recursive) using defaults
[0.299s] Level 1:colcon.colcon_core.package_discovery:discover_packages(ignore) discover
[0.299s] Level 1:colcon.colcon_core.package_discovery:discover_packages(ignore) using defaults
[0.299s] Level 1:colcon.colcon_core.package_discovery:discover_packages(path) discover
[0.299s] Level 1:colcon.colcon_core.package_discovery:discover_packages(path) using defaults
[0.324s] Level 5:colcon.colcon_core.verb:set package 'imu_driver_ros' build argument 'cmake_args' from command line to 'None'
[0.324s] Level 5:colcon.colcon_core.verb:set package 'imu_driver_ros' build argument 'cmake_target' from command line to 'None'
[0.324s] Level 5:colcon.colcon_core.verb:set package 'imu_driver_ros' build argument 'cmake_target_skip_unavailable' from command line to 'False'
[0.324s] Level 5:colcon.colcon_core.verb:set package 'imu_driver_ros' build argument 'cmake_clean_cache' from command line to 'False'
[0.324s] Level 5:colcon.colcon_core.verb:set package 'imu_driver_ros' build argument 'cmake_clean_first' from command line to 'False'
[0.324s] Level 5:colcon.colcon_core.verb:set package 'imu_driver_ros' build argument 'cmake_force_configure' from command line to 'False'
[0.324s] Level 5:colcon.colcon_core.verb:set package 'imu_driver_ros' build argument 'ament_cmake_args' from command line to 'None'
[0.324s] Level 5:colcon.colcon_core.verb:set package 'imu_driver_ros' build argument 'catkin_cmake_args' from command line to 'None'
[0.324s] Level 5:colcon.colcon_core.verb:set package 'imu_driver_ros' build argument 'catkin_skip_building_tests' from command line to 'False'
[0.324s] DEBUG:colcon.colcon_core.verb:Building package 'imu_driver_ros' with the following arguments: {'ament_cmake_args': None, 'build_base': '/workspace/build/imu_driver_ros', 'catkin_cmake_args': None, 'catkin_skip_building_tests': False, 'cmake_args': None, 'cmake_clean_cache': False, 'cmake_clean_first': False, 'cmake_force_configure': False, 'cmake_target': None, 'cmake_target_skip_unavailable': False, 'install_base': '/workspace/install/imu_driver_ros', 'merge_install': False, 'path': '/workspace/src/imu_driver_ros', 'symlink_install': False, 'test_result_base': None}
[0.324s] INFO:colcon.colcon_core.executor:Executing jobs using 'parallel' executor
[0.326s] DEBUG:colcon.colcon_parallel_executor.executor.parallel:run_until_complete
[0.326s] INFO:colcon.colcon_ros.task.ament_cmake.build:Building ROS package in '/workspace/src/imu_driver_ros' with build type 'ament_cmake'
[0.326s] INFO:colcon.colcon_cmake.task.cmake.build:Building CMake package in '/workspace/src/imu_driver_ros'
[0.328s] INFO:colcon.colcon_core.plugin_system:Skipping extension 'colcon_core.shell.bat': Not used on non-Windows systems
[0.329s] INFO:colcon.colcon_core.shell:Skip shell extension 'powershell' for command environment: Not usable outside of PowerShell
[0.329s] DEBUG:colcon.colcon_core.shell:Skip shell extension 'dsv' for command environment
[0.338s] DEBUG:colcon.colcon_core.event_handler.log_command:Invoking command in '/workspace/build/imu_driver_ros': CMAKE_PREFIX_PATH=${CMAKE_PREFIX_PATH}:/opt/ros/humble /usr/bin/cmake --build /workspace/build/imu_driver_ros -- -j4 -l4
[5.959s] DEBUG:colcon.colcon_core.event_handler.log_command:Invoked command in '/workspace/build/imu_driver_ros' returned '0': CMAKE_PREFIX_PATH=${CMAKE_PREFIX_PATH}:/opt/ros/humble /usr/bin/cmake --build /workspace/build/imu_driver_ros -- -j4 -l4
[5.968s] DEBUG:colcon.colcon_core.event_handler.log_command:Invoking command in '/workspace/build/imu_driver_ros': CMAKE_PREFIX_PATH=${CMAKE_PREFIX_PATH}:/opt/ros/humble /usr/bin/cmake --install /workspace/build/imu_driver_ros
[5.979s] Level 1:colcon.colcon_core.environment:create_environment_scripts_only(imu_driver_ros)
[5.980s] DEBUG:colcon.colcon_core.event_handler.log_command:Invoked command in '/workspace/build/imu_driver_ros' returned '0': CMAKE_PREFIX_PATH=${CMAKE_PREFIX_PATH}:/opt/ros/humble /usr/bin/cmake --install /workspace/build/imu_driver_ros
[5.982s] Level 1:colcon.colcon_core.environment:checking '/workspace/install/imu_driver_ros' for CMake module files
[5.983s] Level 1:colcon.colcon_core.environment:checking '/workspace/install/imu_driver_ros' for CMake config files
[5.983s] Level 1:colcon.colcon_core.shell:create_environment_hook('imu_driver_ros', 'cmake_prefix_path')
[5.983s] INFO:colcon.colcon_core.shell:Creating environment hook '/workspace/install/imu_driver_ros/share/imu_driver_ros/hook/cmake_prefix_path.ps1'
[5.984s] INFO:colcon.colcon_core.shell:Creating environment descriptor '/workspace/install/imu_driver_ros/share/imu_driver_ros/hook/cmake_prefix_path.dsv'
[5.985s] INFO:colcon.colcon_core.shell:Creating environment hook '/workspace/install/imu_driver_ros/share/imu_driver_ros/hook/cmake_prefix_path.sh'
[5.986s] Level 1:colcon.colcon_core.environment:checking '/workspace/install/imu_driver_ros/lib'
[5.986s] Level 1:colcon.colcon_core.environment:checking '/workspace/install/imu_driver_ros/bin'
[5.986s] Level 1:colcon.colcon_core.environment:checking '/workspace/install/imu_driver_ros/lib/pkgconfig/imu_driver_ros.pc'
[5.988s] Level 1:colcon.colcon_core.environment:checking '/workspace/install/imu_driver_ros/lib/python3.10/site-packages'
[5.988s] Level 1:colcon.colcon_core.environment:checking '/workspace/install/imu_driver_ros/bin'
[5.989s] INFO:colcon.colcon_core.shell:Creating package script '/workspace/install/imu_driver_ros/share/imu_driver_ros/package.ps1'
[5.990s] INFO:colcon.colcon_core.shell:Creating package descriptor '/workspace/install/imu_driver_ros/share/imu_driver_ros/package.dsv'
[5.991s] INFO:colcon.colcon_core.shell:Creating package script '/workspace/install/imu_driver_ros/share/imu_driver_ros/package.sh'
[5.992s] INFO:colcon.colcon_core.shell:Creating package script '/workspace/install/imu_driver_ros/share/imu_driver_ros/package.bash'
[5.992s] INFO:colcon.colcon_core.shell:Creating package script '/workspace/install/imu_driver_ros/share/imu_driver_ros/package.zsh'
[5.993s] Level 1:colcon.colcon_core.environment:create_file_with_runtime_dependencies(/workspace/install/imu_driver_ros/share/colcon-core/packages/imu_driver_ros)
[5.994s] Level 1:colcon.colcon_core.environment:create_environment_scripts_only(imu_driver_ros)
[5.995s] Level 1:colcon.colcon_core.environment:checking '/workspace/install/imu_driver_ros' for CMake module files
[5.995s] Level 1:colcon.colcon_core.environment:checking '/workspace/install/imu_driver_ros' for CMake config files
[5.995s] Level 1:colcon.colcon_core.shell:create_environment_hook('imu_driver_ros', 'cmake_prefix_path')
[5.995s] INFO:colcon.colcon_core.shell:Creating environment hook '/workspace/install/imu_driver_ros/share/imu_driver_ros/hook/cmake_prefix_path.ps1'
[5.996s] INFO:colcon.colcon_core.shell:Creating environment descriptor '/workspace/install/imu_driver_ros/share/imu_driver_ros/hook/cmake_prefix_path.dsv'
[5.997s] INFO:colcon.colcon_core.shell:Creating environment hook '/workspace/install/imu_driver_ros/share/imu_driver_ros/hook/cmake_prefix_path.sh'
[5.997s] Level 1:colcon.colcon_core.environment:checking '/workspace/install/imu_driver_ros/lib'
[5.998s] Level 1:colcon.colcon_core.environment:checking '/workspace/install/imu_driver_ros/bin'
[5.998s] Level 1:colcon.colcon_core.environment:checking '/workspace/install/imu_driver_ros/lib/pkgconfig/imu_driver_ros.pc'
[5.998s] Level 1:colcon.colcon_core.environment:checking '/workspace/install/imu_driver_ros/lib/python3.10/site-packages'
[5.998s] Level 1:colcon.colcon_core.environment:checking '/workspace/install/imu_driver_ros/bin'
[5.999s] INFO:colcon.colcon_core.shell:Creating package script '/workspace/install/imu_driver_ros/share/imu_driver_ros/package.ps1'
[6.000s] INFO:colcon.colcon_core.shell:Creating package descriptor '/workspace/install/imu_driver_ros/share/imu_driver_ros/package.dsv'
[6.000s] INFO:colcon.colcon_core.shell:Creating package script '/workspace/install/imu_driver_ros/share/imu_driver_ros/package.sh'
[6.001s] INFO:colcon.colcon_core.shell:Creating package script '/workspace/install/imu_driver_ros/share/imu_driver_ros/package.bash'
[6.002s] INFO:colcon.colcon_core.shell:Creating package script '/workspace/install/imu_driver_ros/share/imu_driver_ros/package.zsh'
[6.002s] Level 1:colcon.colcon_core.environment:create_file_with_runtime_dependencies(/workspace/install/imu_driver_ros/share/colcon-core/packages/imu_driver_ros)
[6.003s] DEBUG:colcon.colcon_parallel_executor.executor.parallel:closing loop
[6.003s] DEBUG:colcon.colcon_parallel_executor.executor.parallel:loop closed
[6.004s] DEBUG:colcon.colcon_parallel_executor.executor.parallel:run_until_complete finished with '0'
[6.004s] DEBUG:colcon.colcon_core.event_reactor:joining thread
[6.010s] INFO:colcon.colcon_core.plugin_system:Skipping extension 'colcon_notification.desktop_notification.notify_send': Could not find 'notify-send'
[6.010s] INFO:colcon.colcon_core.plugin_system:Skipping extension 'colcon_notification.desktop_notification.terminal_notifier': Not used on non-Darwin systems
[6.010s] INFO:colcon.colcon_core.plugin_system:Skipping extension 'colcon_notification.desktop_notification.win32': Not used on non-Windows systems
[6.010s] INFO:colcon.colcon_notification.desktop_notification:Sending desktop notification using 'notify2'
[6.010s] DEBUG:colcon.colcon_notification.desktop_notification.notify2:Failed to initialize notify2: org.freedesktop.DBus.Error.NotSupported: Unable to autolaunch a dbus-daemon without a $DISPLAY for X11
[6.010s] DEBUG:colcon.colcon_core.event_reactor:joined thread
[6.011s] INFO:colcon.colcon_core.shell:Creating prefix script '/workspace/install/local_setup.ps1'
[6.012s] INFO:colcon.colcon_core.shell:Creating prefix util module '/workspace/install/_local_setup_util_ps1.py'
[6.014s] INFO:colcon.colcon_core.shell:Creating prefix chain script '/workspace/install/setup.ps1'
[6.016s] INFO:colcon.colcon_core.shell:Creating prefix script '/workspace/install/local_setup.sh'
[6.016s] INFO:colcon.colcon_core.shell:Creating prefix util module '/workspace/install/_local_setup_util_sh.py'
[6.017s] INFO:colcon.colcon_core.shell:Creating prefix chain script '/workspace/install/setup.sh'
[6.018s] INFO:colcon.colcon_core.shell:Creating prefix script '/workspace/install/local_setup.bash'
[6.019s] INFO:colcon.colcon_core.shell:Creating prefix chain script '/workspace/install/setup.bash'
[6.020s] INFO:colcon.colcon_core.shell:Creating prefix script '/workspace/install/local_setup.zsh'
[6.021s] INFO:colcon.colcon_core.shell:Creating prefix chain script '/workspace/install/setup.zsh'
