[0.016s] Invoking command in '/workspace/build/imu_driver_ros': CMAKE_PREFIX_PATH=${CMAKE_PREFIX_PATH}:/opt/ros/humble /usr/bin/cmake /workspace/src/imu_driver_ros -DCMAKE_INSTALL_PREFIX=/workspace/install/imu_driver_ros
[0.090s] -- The C compiler identification is GNU 11.4.0
[0.155s] -- The CXX compiler identification is GNU 11.4.0
[0.166s] -- Detecting C compiler ABI info
[0.235s] -- Detecting C compiler ABI info - done
[0.244s] -- Check for working C compiler: /usr/bin/cc - skipped
[0.245s] -- Detecting C compile features
[0.246s] -- Detecting C compile features - done
[0.250s] -- Detecting CXX compiler ABI info
[0.328s] -- Detecting CXX compiler ABI info - done
[0.343s] -- Check for working CXX compiler: /usr/bin/c++ - skipped
[0.343s] -- Detecting CXX compile features
[0.344s] -- Detecting CXX compile features - done
[0.350s] -- Found ament_cmake: 1.3.14 (/opt/ros/humble/share/ament_cmake/cmake)
[0.499s] -- Found Python3: /usr/bin/python3 (found version "3.10.12") found components: Interpreter 
[0.612s] -- Found rclcpp: 16.0.19 (/opt/ros/humble/share/rclcpp/cmake)
[0.663s] -- Found rosidl_generator_c: 3.1.9 (/opt/ros/humble/share/rosidl_generator_c/cmake)
[0.671s] -- Found rosidl_adapter: 3.1.9 (/opt/ros/humble/share/rosidl_adapter/cmake)
[0.683s] -- Found rosidl_generator_cpp: 3.1.9 (/opt/ros/humble/share/rosidl_generator_cpp/cmake)
[0.702s] -- Using all available rosidl_typesupport_c: rosidl_typesupport_fastrtps_c;rosidl_typesupport_introspection_c
[0.727s] -- Using all available rosidl_typesupport_cpp: rosidl_typesupport_fastrtps_cpp;rosidl_typesupport_introspection_cpp
[0.792s] -- Found rmw_implementation_cmake: 6.1.3 (/opt/ros/humble/share/rmw_implementation_cmake/cmake)
[0.796s] -- Found rmw_fastrtps_cpp: 6.2.10 (/opt/ros/humble/share/rmw_fastrtps_cpp/cmake)
[0.878s] -- Found OpenSSL: /usr/lib/aarch64-linux-gnu/libcrypto.so (found version "3.0.2")  
[0.902s] -- Found FastRTPS: /opt/ros/humble/include  
[0.940s] -- Using RMW implementation 'rmw_fastrtps_cpp' as default
[0.952s] -- Looking for pthread.h
[1.027s] -- Looking for pthread.h - found
[1.027s] -- Performing Test CMAKE_HAVE_LIBC_PTHREAD
[1.113s] -- Performing Test CMAKE_HAVE_LIBC_PTHREAD - Success
[1.113s] -- Found Threads: TRUE  
[1.197s] -- Found sensor_msgs: 4.9.2 (/opt/ros/humble/share/sensor_msgs/cmake)
[1.330s] -- Configuring done
[1.344s] -- Generating done
[1.350s] -- Build files have been written to: /workspace/build/imu_driver_ros
[1.360s] Invoked command in '/workspace/build/imu_driver_ros' returned '0': CMAKE_PREFIX_PATH=${CMAKE_PREFIX_PATH}:/opt/ros/humble /usr/bin/cmake /workspace/src/imu_driver_ros -DCMAKE_INSTALL_PREFIX=/workspace/install/imu_driver_ros
[1.362s] Invoking command in '/workspace/build/imu_driver_ros': CMAKE_PREFIX_PATH=${CMAKE_PREFIX_PATH}:/opt/ros/humble /usr/bin/cmake --build /workspace/build/imu_driver_ros -- -j4 -l4
[1.408s] [ 60%] [32mBuilding CXX object CMakeFiles/imu_publisher.dir/src/icm20948.cpp.o[0m
[1.409s] [ 60%] [32mBuilding CXX object CMakeFiles/listener.dir/src/imu_subscriber.cpp.o[0m
[1.409s] [ 60%] [32mBuilding CXX object CMakeFiles/imu_publisher.dir/src/imu_publisher.cpp.o[0m
[1.916s] [01m[K/workspace/src/imu_driver_ros/src/icm20948.cpp:[m[K In function ‘[01m[Kint icm_cancel_sleep_mode(int, int)[m[K’:
[1.916s] [01m[K/workspace/src/imu_driver_ros/src/icm20948.cpp:132:7:[m[K [01;35m[Kwarning: [m[Kunused variable ‘[01m[Kpower[m[K’ [[01;35m[K-Wunused-variable[m[K]
[1.916s]   132 |   int [01;35m[Kpower[m[K = read_register(file, power_adress);
[1.916s]       |       [01;35m[K^~~~~[m[K
[7.302s] [ 80%] [32m[1mLinking CXX executable imu_publisher[0m
[7.646s] [ 80%] Built target imu_publisher
[11.920s] [100%] [32m[1mLinking CXX executable listener[0m
[12.564s] [100%] Built target listener
[12.574s] Invoked command in '/workspace/build/imu_driver_ros' returned '0': CMAKE_PREFIX_PATH=${CMAKE_PREFIX_PATH}:/opt/ros/humble /usr/bin/cmake --build /workspace/build/imu_driver_ros -- -j4 -l4
[12.584s] Invoking command in '/workspace/build/imu_driver_ros': CMAKE_PREFIX_PATH=${CMAKE_PREFIX_PATH}:/opt/ros/humble /usr/bin/cmake --install /workspace/build/imu_driver_ros
[12.591s] -- Install configuration: ""
[12.593s] -- Installing: /workspace/install/imu_driver_ros/lib/imu_driver_ros/imu_publisher
[12.593s] -- Set runtime path of "/workspace/install/imu_driver_ros/lib/imu_driver_ros/imu_publisher" to ""
[12.593s] -- Installing: /workspace/install/imu_driver_ros/share/ament_index/resource_index/package_run_dependencies/imu_driver_ros
[12.593s] -- Installing: /workspace/install/imu_driver_ros/share/ament_index/resource_index/parent_prefix_path/imu_driver_ros
[12.593s] -- Installing: /workspace/install/imu_driver_ros/share/imu_driver_ros/environment/ament_prefix_path.sh
[12.593s] -- Installing: /workspace/install/imu_driver_ros/share/imu_driver_ros/environment/ament_prefix_path.dsv
[12.593s] -- Installing: /workspace/install/imu_driver_ros/share/imu_driver_ros/environment/path.sh
[12.595s] -- Installing: /workspace/install/imu_driver_ros/share/imu_driver_ros/environment/path.dsv
[12.596s] -- Installing: /workspace/install/imu_driver_ros/share/imu_driver_ros/local_setup.bash
[12.596s] -- Installing: /workspace/install/imu_driver_ros/share/imu_driver_ros/local_setup.sh
[12.596s] -- Installing: /workspace/install/imu_driver_ros/share/imu_driver_ros/local_setup.zsh
[12.596s] -- Installing: /workspace/install/imu_driver_ros/share/imu_driver_ros/local_setup.dsv
[12.596s] -- Installing: /workspace/install/imu_driver_ros/share/imu_driver_ros/package.dsv
[12.596s] -- Installing: /workspace/install/imu_driver_ros/share/ament_index/resource_index/packages/imu_driver_ros
[12.596s] -- Installing: /workspace/install/imu_driver_ros/share/imu_driver_ros/cmake/imu_driver_rosConfig.cmake
[12.596s] -- Installing: /workspace/install/imu_driver_ros/share/imu_driver_ros/cmake/imu_driver_rosConfig-version.cmake
[12.596s] -- Installing: /workspace/install/imu_driver_ros/share/imu_driver_ros/package.xml
[12.597s] Invoked command in '/workspace/build/imu_driver_ros' returned '0': CMAKE_PREFIX_PATH=${CMAKE_PREFIX_PATH}:/opt/ros/humble /usr/bin/cmake --install /workspace/build/imu_driver_ros
