[0.011s] Invoking command in '/workspace/build/imu_driver_ros': CMAKE_PREFIX_PATH=${CMAKE_PREFIX_PATH}:/opt/ros/humble /usr/bin/cmake --build /workspace/build/imu_driver_ros -- -j4 -l4
[0.066s] [ 60%] [32mBuilding CXX object CMakeFiles/imu_publisher.dir/src/imu_publisher.cpp.o[0m
[0.066s] [ 60%] Built target listener
[5.353s] [ 80%] [32m[1mLinking CXX executable imu_publisher[0m
[5.622s] [100%] Built target imu_publisher
[5.632s] Invoked command in '/workspace/build/imu_driver_ros' returned '0': CMAKE_PREFIX_PATH=${CMAKE_PREFIX_PATH}:/opt/ros/humble /usr/bin/cmake --build /workspace/build/imu_driver_ros -- -j4 -l4
[5.642s] Invoking command in '/workspace/build/imu_driver_ros': CMAKE_PREFIX_PATH=${CMAKE_PREFIX_PATH}:/opt/ros/humble /usr/bin/cmake --install /workspace/build/imu_driver_ros
[5.649s] -- Install configuration: ""
[5.650s] -- Installing: /workspace/install/imu_driver_ros/lib/imu_driver_ros/imu_publisher
[5.650s] -- Set runtime path of "/workspace/install/imu_driver_ros/lib/imu_driver_ros/imu_publisher" to ""
[5.651s] -- Up-to-date: /workspace/install/imu_driver_ros/share/ament_index/resource_index/package_run_dependencies/imu_driver_ros
[5.651s] -- Up-to-date: /workspace/install/imu_driver_ros/share/ament_index/resource_index/parent_prefix_path/imu_driver_ros
[5.651s] -- Up-to-date: /workspace/install/imu_driver_ros/share/imu_driver_ros/environment/ament_prefix_path.sh
[5.651s] -- Up-to-date: /workspace/install/imu_driver_ros/share/imu_driver_ros/environment/ament_prefix_path.dsv
[5.651s] -- Up-to-date: /workspace/install/imu_driver_ros/share/imu_driver_ros/environment/path.sh
[5.651s] -- Up-to-date: /workspace/install/imu_driver_ros/share/imu_driver_ros/environment/path.dsv
[5.651s] -- Up-to-date: /workspace/install/imu_driver_ros/share/imu_driver_ros/local_setup.bash
[5.651s] -- Up-to-date: /workspace/install/imu_driver_ros/share/imu_driver_ros/local_setup.sh
[5.651s] -- Up-to-date: /workspace/install/imu_driver_ros/share/imu_driver_ros/local_setup.zsh
[5.651s] -- Up-to-date: /workspace/install/imu_driver_ros/share/imu_driver_ros/local_setup.dsv
[5.652s] -- Installing: /workspace/install/imu_driver_ros/share/imu_driver_ros/package.dsv
[5.652s] -- Up-to-date: /workspace/install/imu_driver_ros/share/ament_index/resource_index/packages/imu_driver_ros
[5.652s] -- Up-to-date: /workspace/install/imu_driver_ros/share/imu_driver_ros/cmake/imu_driver_rosConfig.cmake
[5.652s] -- Up-to-date: /workspace/install/imu_driver_ros/share/imu_driver_ros/cmake/imu_driver_rosConfig-version.cmake
[5.652s] -- Up-to-date: /workspace/install/imu_driver_ros/share/imu_driver_ros/package.xml
[5.653s] Invoked command in '/workspace/build/imu_driver_ros' returned '0': CMAKE_PREFIX_PATH=${CMAKE_PREFIX_PATH}:/opt/ros/humble /usr/bin/cmake --install /workspace/build/imu_driver_ros
