[0.011s] Invoking command in '/workspace/build/imu_driver_ros': CMAKE_PREFIX_PATH=/opt/ros/humble /usr/bin/cmake /workspace/src/imu_driver_ros -DCMAKE_INSTALL_PREFIX=/workspace/install/imu_driver_ros
[0.024s] -- Found ament_cmake: 1.3.14 (/opt/ros/humble/share/ament_cmake/cmake)
[0.168s] -- Found rclcpp: 16.0.19 (/opt/ros/humble/share/rclcpp/cmake)
[0.197s] -- Found rosidl_generator_c: 3.1.9 (/opt/ros/humble/share/rosidl_generator_c/cmake)
[0.201s] -- Found rosidl_adapter: 3.1.9 (/opt/ros/humble/share/rosidl_adapter/cmake)
[0.208s] -- Found rosidl_generator_cpp: 3.1.9 (/opt/ros/humble/share/rosidl_generator_cpp/cmake)
[0.220s] -- Using all available rosidl_typesupport_c: rosidl_typesupport_fastrtps_c;rosidl_typesupport_introspection_c
[0.235s] -- Using all available rosidl_typesupport_cpp: rosidl_typesupport_fastrtps_cpp;rosidl_typesupport_introspection_cpp
[0.276s] -- Found rmw_implementation_cmake: 6.1.3 (/opt/ros/humble/share/rmw_implementation_cmake/cmake)
[0.278s] -- Found rmw_fastrtps_cpp: 6.2.10 (/opt/ros/humble/share/rmw_fastrtps_cpp/cmake)
[0.371s] -- Using RMW implementation 'rmw_fastrtps_cpp' as default
[0.526s] -- Configuring done
[0.540s] -- Generating done
[0.543s] -- Build files have been written to: /workspace/build/imu_driver_ros
[0.552s] Invoked command in '/workspace/build/imu_driver_ros' returned '0': CMAKE_PREFIX_PATH=/opt/ros/humble /usr/bin/cmake /workspace/src/imu_driver_ros -DCMAKE_INSTALL_PREFIX=/workspace/install/imu_driver_ros
[0.554s] Invoking command in '/workspace/build/imu_driver_ros': CMAKE_PREFIX_PATH=/opt/ros/humble /usr/bin/cmake --build /workspace/build/imu_driver_ros -- -j4 -l4
[0.607s] [ 25%] [32mBuilding CXX object CMakeFiles/talker.dir/src/publisher_member_function.cpp.o[0m
[0.612s] [ 50%] [32mBuilding CXX object CMakeFiles/listener.dir/src/subscriber_member_function.cpp.o[0m
[3.943s] [01m[K/workspace/src/imu_driver_ros/src/subscriber_member_function.cpp:[m[K In constructor ‘[01m[KImuSubscriber::ImuSubscriber()[m[K’:
[3.943s] [01m[K/workspace/src/imu_driver_ros/src/subscriber_member_function.cpp:30:33:[m[K [01;31m[Kerror: [m[K‘[01m[KMinimalSubscriber[m[K’ has not been declared
[3.943s]    30 |       "ImuNode", 10, std::bind(&[01;31m[KMinimalSubscriber[m[K::topic_callback, this, _1));
[3.944s]       |                                 [01;31m[K^~~~~~~~~~~~~~~~~[m[K
[4.494s] gmake[2]: *** [CMakeFiles/listener.dir/build.make:76: CMakeFiles/listener.dir/src/subscriber_member_function.cpp.o] Error 1
[4.494s] gmake[1]: *** [CMakeFiles/Makefile2:165: CMakeFiles/listener.dir/all] Error 2
[4.494s] gmake[1]: *** Waiting for unfinished jobs....
[6.420s] [ 75%] [32m[1mLinking CXX executable talker[0m
[6.769s] [ 75%] Built target talker
[6.770s] gmake: *** [Makefile:146: all] Error 2
[6.772s] Invoked command in '/workspace/build/imu_driver_ros' returned '2': CMAKE_PREFIX_PATH=/opt/ros/humble /usr/bin/cmake --build /workspace/build/imu_driver_ros -- -j4 -l4
