[35m[1mConsolidate compiler generated dependencies of target listener[0m
[35m[1mConsolidate compiler generated dependencies of target talker[0m
[ 50%] Built target talker
[ 75%] [32mBuilding CXX object CMakeFiles/listener.dir/src/subscriber_member_function.cpp.o[0m
[100%] [32m[1mLinking CXX executable listener[0m
[100%] Built target listener
-- Install configuration: ""
-- Installing: /workspace/install/imu_driver_ros/lib/imu_driver_ros/talker
-- Set runtime path of "/workspace/install/imu_driver_ros/lib/imu_driver_ros/talker" to ""
-- Installing: /workspace/install/imu_driver_ros/lib/imu_driver_ros/listener
-- Set runtime path of "/workspace/install/imu_driver_ros/lib/imu_driver_ros/listener" to ""
-- Installing: /workspace/install/imu_driver_ros/share/ament_index/resource_index/package_run_dependencies/imu_driver_ros
-- Installing: /workspace/install/imu_driver_ros/share/ament_index/resource_index/parent_prefix_path/imu_driver_ros
-- Installing: /workspace/install/imu_driver_ros/share/imu_driver_ros/environment/ament_prefix_path.sh
-- Installing: /workspace/install/imu_driver_ros/share/imu_driver_ros/environment/ament_prefix_path.dsv
-- Installing: /workspace/install/imu_driver_ros/share/imu_driver_ros/environment/path.sh
-- Installing: /workspace/install/imu_driver_ros/share/imu_driver_ros/environment/path.dsv
-- Installing: /workspace/install/imu_driver_ros/share/imu_driver_ros/local_setup.bash
-- Installing: /workspace/install/imu_driver_ros/share/imu_driver_ros/local_setup.sh
-- Installing: /workspace/install/imu_driver_ros/share/imu_driver_ros/local_setup.zsh
-- Installing: /workspace/install/imu_driver_ros/share/imu_driver_ros/local_setup.dsv
-- Installing: /workspace/install/imu_driver_ros/share/imu_driver_ros/package.dsv
-- Installing: /workspace/install/imu_driver_ros/share/ament_index/resource_index/packages/imu_driver_ros
-- Installing: /workspace/install/imu_driver_ros/share/imu_driver_ros/cmake/imu_driver_rosConfig.cmake
-- Installing: /workspace/install/imu_driver_ros/share/imu_driver_ros/cmake/imu_driver_rosConfig-version.cmake
-- Installing: /workspace/install/imu_driver_ros/share/imu_driver_ros/package.xml
