[0.011s] Invoking command in '/workspace/build/imu_driver_ros': CMAKE_PREFIX_PATH=/opt/ros/humble /usr/bin/cmake --build /workspace/build/imu_driver_ros -- -j4 -l4
[0.051s] [35m[1mConsolidate compiler generated dependencies of target listener[0m
[0.051s] [35m[1mConsolidate compiler generated dependencies of target talker[0m
[0.069s] [ 50%] Built target talker
[0.071s] [ 75%] [32mBuilding CXX object CMakeFiles/listener.dir/src/subscriber_member_function.cpp.o[0m
[9.923s] [100%] [32m[1mLinking CXX executable listener[0m
[10.593s] [100%] Built target listener
[10.603s] Invoked command in '/workspace/build/imu_driver_ros' returned '0': CMAKE_PREFIX_PATH=/opt/ros/humble /usr/bin/cmake --build /workspace/build/imu_driver_ros -- -j4 -l4
[10.613s] Invoking command in '/workspace/build/imu_driver_ros': CMAKE_PREFIX_PATH=/opt/ros/humble /usr/bin/cmake --install /workspace/build/imu_driver_ros
[10.620s] -- Install configuration: ""
[10.621s] -- Installing: /workspace/install/imu_driver_ros/lib/imu_driver_ros/talker
[10.622s] -- Set runtime path of "/workspace/install/imu_driver_ros/lib/imu_driver_ros/talker" to ""
[10.622s] -- Installing: /workspace/install/imu_driver_ros/lib/imu_driver_ros/listener
[10.625s] -- Set runtime path of "/workspace/install/imu_driver_ros/lib/imu_driver_ros/listener" to ""
[10.625s] -- Installing: /workspace/install/imu_driver_ros/share/ament_index/resource_index/package_run_dependencies/imu_driver_ros
[10.625s] -- Installing: /workspace/install/imu_driver_ros/share/ament_index/resource_index/parent_prefix_path/imu_driver_ros
[10.626s] -- Installing: /workspace/install/imu_driver_ros/share/imu_driver_ros/environment/ament_prefix_path.sh
[10.626s] -- Installing: /workspace/install/imu_driver_ros/share/imu_driver_ros/environment/ament_prefix_path.dsv
[10.626s] -- Installing: /workspace/install/imu_driver_ros/share/imu_driver_ros/environment/path.sh
[10.626s] -- Installing: /workspace/install/imu_driver_ros/share/imu_driver_ros/environment/path.dsv
[10.626s] -- Installing: /workspace/install/imu_driver_ros/share/imu_driver_ros/local_setup.bash
[10.626s] -- Installing: /workspace/install/imu_driver_ros/share/imu_driver_ros/local_setup.sh
[10.626s] -- Installing: /workspace/install/imu_driver_ros/share/imu_driver_ros/local_setup.zsh
[10.626s] -- Installing: /workspace/install/imu_driver_ros/share/imu_driver_ros/local_setup.dsv
[10.626s] -- Installing: /workspace/install/imu_driver_ros/share/imu_driver_ros/package.dsv
[10.627s] -- Installing: /workspace/install/imu_driver_ros/share/ament_index/resource_index/packages/imu_driver_ros
[10.627s] -- Installing: /workspace/install/imu_driver_ros/share/imu_driver_ros/cmake/imu_driver_rosConfig.cmake
[10.627s] -- Installing: /workspace/install/imu_driver_ros/share/imu_driver_ros/cmake/imu_driver_rosConfig-version.cmake
[10.627s] -- Installing: /workspace/install/imu_driver_ros/share/imu_driver_ros/package.xml
[10.629s] Invoked command in '/workspace/build/imu_driver_ros' returned '0': CMAKE_PREFIX_PATH=/opt/ros/humble /usr/bin/cmake --install /workspace/build/imu_driver_ros
