[0.173s] DEBUG:colcon:Command line arguments: ['/usr/bin/colcon', 'build', '--packages-select', 'imu_driver_ros']
[0.173s] DEBUG:colcon:Parsed command line arguments: Namespace(log_base=None, log_level=None, verb_name='build', build_base='build', install_base='install', merge_install=False, symlink_install=False, test_result_base=None, continue_on_error=False, executor='parallel', parallel_workers=4, event_handlers=None, ignore_user_meta=False, metas=['./colcon.meta'], base_paths=['.'], packages_ignore=None, packages_ignore_regex=None, paths=None, packages_up_to=None, packages_up_to_regex=None, packages_above=None, packages_above_and_dependencies=None, packages_above_depth=None, packages_select_by_dep=None, packages_skip_by_dep=None, packages_skip_up_to=None, packages_select_build_failed=False, packages_skip_build_finished=False, packages_select_test_failures=False, packages_skip_test_passed=False, packages_select=['imu_driver_ros'], packages_skip=None, packages_select_regex=None, packages_skip_regex=None, packages_start=None, packages_end=None, cmake_args=None, cmake_target=None, cmake_target_skip_unavailable=False, cmake_clean_cache=False, cmake_clean_first=False, cmake_force_configure=False, ament_cmake_args=None, catkin_cmake_args=None, catkin_skip_building_tests=False, mixin_files=None, mixin=None, verb_parser=<colcon_mixin.mixin.mixin_argument.MixinArgumentDecorator object at 0x7ffef4b65f00>, verb_extension=<colcon_core.verb.build.BuildVerb object at 0x7ffef4d230d0>, main=<bound method BuildVerb.main of <colcon_core.verb.build.BuildVerb object at 0x7ffef4d230d0>>, mixin_verb=('build',))
[0.320s] Level 1:colcon.colcon_core.package_discovery:discover_packages(colcon_meta) check parameters
[0.321s] INFO:colcon.colcon_metadata.package_discovery.colcon_meta:Using configuration from '/root/.colcon/metadata/default/Gazebo.meta'
[0.322s] INFO:colcon.colcon_metadata.package_discovery.colcon_meta:Using configuration from '/root/.colcon/metadata/default/fastdds.meta'
[0.322s] INFO:colcon.colcon_metadata.package_discovery.colcon_meta:Using configuration from '/root/.colcon/metadata/default/fastrtps.meta'
[0.322s] Level 1:colcon.colcon_core.package_discovery:discover_packages(recursive) check parameters
[0.322s] Level 1:colcon.colcon_core.package_discovery:discover_packages(ignore) check parameters
[0.322s] Level 1:colcon.colcon_core.package_discovery:discover_packages(path) check parameters
[0.322s] Level 1:colcon.colcon_core.package_discovery:discover_packages(colcon_meta) discover
[0.323s] Level 1:colcon.colcon_core.package_discovery:discover_packages(recursive) discover
[0.323s] INFO:colcon.colcon_core.package_discovery:Crawling recursively for packages in '/workspace'
[0.323s] Level 1:colcon.colcon_core.package_identification:_identify(.) by extensions ['ignore', 'ignore_ament_install']
[0.323s] Level 1:colcon.colcon_core.package_identification:_identify(.) by extension 'ignore'
[0.323s] Level 1:colcon.colcon_core.package_identification:_identify(.) by extension 'ignore_ament_install'
[0.323s] Level 1:colcon.colcon_core.package_identification:_identify(.) by extensions ['colcon_pkg']
[0.323s] Level 1:colcon.colcon_core.package_identification:_identify(.) by extension 'colcon_pkg'
[0.323s] Level 1:colcon.colcon_core.package_identification:_identify(.) by extensions ['colcon_meta']
[0.323s] Level 1:colcon.colcon_core.package_identification:_identify(.) by extension 'colcon_meta'
[0.323s] Level 1:colcon.colcon_core.package_identification:_identify(.) by extensions ['ros']
[0.323s] Level 1:colcon.colcon_core.package_identification:_identify(.) by extension 'ros'
[0.337s] Level 1:colcon.colcon_core.package_identification:_identify(.) by extensions ['cmake', 'python']
[0.337s] Level 1:colcon.colcon_core.package_identification:_identify(.) by extension 'cmake'
[0.337s] Level 1:colcon.colcon_core.package_identification:_identify(.) by extension 'python'
[0.337s] Level 1:colcon.colcon_core.package_identification:_identify(.) by extensions ['python_setup_py']
[0.337s] Level 1:colcon.colcon_core.package_identification:_identify(.) by extension 'python_setup_py'
[0.337s] Level 1:colcon.colcon_core.package_identification:_identify(build) by extensions ['ignore', 'ignore_ament_install']
[0.337s] Level 1:colcon.colcon_core.package_identification:_identify(build) by extension 'ignore'
[0.337s] Level 1:colcon.colcon_core.package_identification:_identify(build) ignored
[0.338s] Level 1:colcon.colcon_core.package_identification:_identify(data) by extensions ['ignore', 'ignore_ament_install']
[0.338s] Level 1:colcon.colcon_core.package_identification:_identify(data) by extension 'ignore'
[0.338s] Level 1:colcon.colcon_core.package_identification:_identify(data) by extension 'ignore_ament_install'
[0.338s] Level 1:colcon.colcon_core.package_identification:_identify(data) by extensions ['colcon_pkg']
[0.338s] Level 1:colcon.colcon_core.package_identification:_identify(data) by extension 'colcon_pkg'
[0.338s] Level 1:colcon.colcon_core.package_identification:_identify(data) by extensions ['colcon_meta']
[0.338s] Level 1:colcon.colcon_core.package_identification:_identify(data) by extension 'colcon_meta'
[0.338s] Level 1:colcon.colcon_core.package_identification:_identify(data) by extensions ['ros']
[0.338s] Level 1:colcon.colcon_core.package_identification:_identify(data) by extension 'ros'
[0.338s] Level 1:colcon.colcon_core.package_identification:_identify(data) by extensions ['cmake', 'python']
[0.338s] Level 1:colcon.colcon_core.package_identification:_identify(data) by extension 'cmake'
[0.338s] Level 1:colcon.colcon_core.package_identification:_identify(data) by extension 'python'
[0.338s] Level 1:colcon.colcon_core.package_identification:_identify(data) by extensions ['python_setup_py']
[0.338s] Level 1:colcon.colcon_core.package_identification:_identify(data) by extension 'python_setup_py'
[0.338s] Level 1:colcon.colcon_core.package_identification:_identify(docker ) by extensions ['ignore', 'ignore_ament_install']
[0.338s] Level 1:colcon.colcon_core.package_identification:_identify(docker ) by extension 'ignore'
[0.338s] Level 1:colcon.colcon_core.package_identification:_identify(docker ) by extension 'ignore_ament_install'
[0.338s] Level 1:colcon.colcon_core.package_identification:_identify(docker ) by extensions ['colcon_pkg']
[0.338s] Level 1:colcon.colcon_core.package_identification:_identify(docker ) by extension 'colcon_pkg'
[0.339s] Level 1:colcon.colcon_core.package_identification:_identify(docker ) by extensions ['colcon_meta']
[0.339s] Level 1:colcon.colcon_core.package_identification:_identify(docker ) by extension 'colcon_meta'
[0.339s] Level 1:colcon.colcon_core.package_identification:_identify(docker ) by extensions ['ros']
[0.339s] Level 1:colcon.colcon_core.package_identification:_identify(docker ) by extension 'ros'
[0.339s] Level 1:colcon.colcon_core.package_identification:_identify(docker ) by extensions ['cmake', 'python']
[0.339s] Level 1:colcon.colcon_core.package_identification:_identify(docker ) by extension 'cmake'
[0.339s] Level 1:colcon.colcon_core.package_identification:_identify(docker ) by extension 'python'
[0.339s] Level 1:colcon.colcon_core.package_identification:_identify(docker ) by extensions ['python_setup_py']
[0.339s] Level 1:colcon.colcon_core.package_identification:_identify(docker ) by extension 'python_setup_py'
[0.339s] Level 1:colcon.colcon_core.package_identification:_identify(install) by extensions ['ignore', 'ignore_ament_install']
[0.339s] Level 1:colcon.colcon_core.package_identification:_identify(install) by extension 'ignore'
[0.339s] Level 1:colcon.colcon_core.package_identification:_identify(install) ignored
[0.339s] Level 1:colcon.colcon_core.package_identification:_identify(launch) by extensions ['ignore', 'ignore_ament_install']
[0.339s] Level 1:colcon.colcon_core.package_identification:_identify(launch) by extension 'ignore'
[0.339s] Level 1:colcon.colcon_core.package_identification:_identify(launch) by extension 'ignore_ament_install'
[0.339s] Level 1:colcon.colcon_core.package_identification:_identify(launch) by extensions ['colcon_pkg']
[0.339s] Level 1:colcon.colcon_core.package_identification:_identify(launch) by extension 'colcon_pkg'
[0.339s] Level 1:colcon.colcon_core.package_identification:_identify(launch) by extensions ['colcon_meta']
[0.339s] Level 1:colcon.colcon_core.package_identification:_identify(launch) by extension 'colcon_meta'
[0.339s] Level 1:colcon.colcon_core.package_identification:_identify(launch) by extensions ['ros']
[0.339s] Level 1:colcon.colcon_core.package_identification:_identify(launch) by extension 'ros'
[0.340s] Level 1:colcon.colcon_core.package_identification:_identify(launch) by extensions ['cmake', 'python']
[0.340s] Level 1:colcon.colcon_core.package_identification:_identify(launch) by extension 'cmake'
[0.340s] Level 1:colcon.colcon_core.package_identification:_identify(launch) by extension 'python'
[0.340s] Level 1:colcon.colcon_core.package_identification:_identify(launch) by extensions ['python_setup_py']
[0.340s] Level 1:colcon.colcon_core.package_identification:_identify(launch) by extension 'python_setup_py'
[0.340s] Level 1:colcon.colcon_core.package_identification:_identify(log) by extensions ['ignore', 'ignore_ament_install']
[0.340s] Level 1:colcon.colcon_core.package_identification:_identify(log) by extension 'ignore'
[0.340s] Level 1:colcon.colcon_core.package_identification:_identify(log) ignored
[0.340s] Level 1:colcon.colcon_core.package_identification:_identify(src) by extensions ['ignore', 'ignore_ament_install']
[0.340s] Level 1:colcon.colcon_core.package_identification:_identify(src) by extension 'ignore'
[0.340s] Level 1:colcon.colcon_core.package_identification:_identify(src) by extension 'ignore_ament_install'
[0.340s] Level 1:colcon.colcon_core.package_identification:_identify(src) by extensions ['colcon_pkg']
[0.340s] Level 1:colcon.colcon_core.package_identification:_identify(src) by extension 'colcon_pkg'
[0.340s] Level 1:colcon.colcon_core.package_identification:_identify(src) by extensions ['colcon_meta']
[0.340s] Level 1:colcon.colcon_core.package_identification:_identify(src) by extension 'colcon_meta'
[0.340s] Level 1:colcon.colcon_core.package_identification:_identify(src) by extensions ['ros']
[0.340s] Level 1:colcon.colcon_core.package_identification:_identify(src) by extension 'ros'
[0.340s] Level 1:colcon.colcon_core.package_identification:_identify(src) by extensions ['cmake', 'python']
[0.340s] Level 1:colcon.colcon_core.package_identification:_identify(src) by extension 'cmake'
[0.340s] Level 1:colcon.colcon_core.package_identification:_identify(src) by extension 'python'
[0.340s] Level 1:colcon.colcon_core.package_identification:_identify(src) by extensions ['python_setup_py']
[0.340s] Level 1:colcon.colcon_core.package_identification:_identify(src) by extension 'python_setup_py'
[0.341s] Level 1:colcon.colcon_core.package_identification:_identify(src/imu_driver_ros) by extensions ['ignore', 'ignore_ament_install']
[0.341s] Level 1:colcon.colcon_core.package_identification:_identify(src/imu_driver_ros) by extension 'ignore'
[0.341s] Level 1:colcon.colcon_core.package_identification:_identify(src/imu_driver_ros) by extension 'ignore_ament_install'
[0.341s] Level 1:colcon.colcon_core.package_identification:_identify(src/imu_driver_ros) by extensions ['colcon_pkg']
[0.341s] Level 1:colcon.colcon_core.package_identification:_identify(src/imu_driver_ros) by extension 'colcon_pkg'
[0.341s] Level 1:colcon.colcon_core.package_identification:_identify(src/imu_driver_ros) by extensions ['colcon_meta']
[0.341s] Level 1:colcon.colcon_core.package_identification:_identify(src/imu_driver_ros) by extension 'colcon_meta'
[0.341s] Level 1:colcon.colcon_core.package_identification:_identify(src/imu_driver_ros) by extensions ['ros']
[0.341s] Level 1:colcon.colcon_core.package_identification:_identify(src/imu_driver_ros) by extension 'ros'
[0.344s] DEBUG:colcon.colcon_core.package_identification:Package 'src/imu_driver_ros' with type 'ros.ament_cmake' and name 'imu_driver_ros'
[0.344s] Level 1:colcon.colcon_core.package_identification:_identify(src/imu_node) by extensions ['ignore', 'ignore_ament_install']
[0.344s] Level 1:colcon.colcon_core.package_identification:_identify(src/imu_node) by extension 'ignore'
[0.344s] Level 1:colcon.colcon_core.package_identification:_identify(src/imu_node) by extension 'ignore_ament_install'
[0.344s] Level 1:colcon.colcon_core.package_identification:_identify(src/imu_node) by extensions ['colcon_pkg']
[0.344s] Level 1:colcon.colcon_core.package_identification:_identify(src/imu_node) by extension 'colcon_pkg'
[0.344s] Level 1:colcon.colcon_core.package_identification:_identify(src/imu_node) by extensions ['colcon_meta']
[0.344s] Level 1:colcon.colcon_core.package_identification:_identify(src/imu_node) by extension 'colcon_meta'
[0.344s] Level 1:colcon.colcon_core.package_identification:_identify(src/imu_node) by extensions ['ros']
[0.344s] Level 1:colcon.colcon_core.package_identification:_identify(src/imu_node) by extension 'ros'
[0.344s] Level 1:colcon.colcon_core.package_identification:_identify(src/imu_node) by extensions ['cmake', 'python']
[0.345s] Level 1:colcon.colcon_core.package_identification:_identify(src/imu_node) by extension 'cmake'
[0.345s] Level 1:colcon.colcon_core.package_identification:_identify(src/imu_node) by extension 'python'
[0.345s] Level 1:colcon.colcon_core.package_identification:_identify(src/imu_node) by extensions ['python_setup_py']
[0.345s] Level 1:colcon.colcon_core.package_identification:_identify(src/imu_node) by extension 'python_setup_py'
[0.345s] Level 1:colcon.colcon_core.package_identification:_identify(trash) by extensions ['ignore', 'ignore_ament_install']
[0.345s] Level 1:colcon.colcon_core.package_identification:_identify(trash) by extension 'ignore'
[0.345s] Level 1:colcon.colcon_core.package_identification:_identify(trash) by extension 'ignore_ament_install'
[0.345s] Level 1:colcon.colcon_core.package_identification:_identify(trash) by extensions ['colcon_pkg']
[0.345s] Level 1:colcon.colcon_core.package_identification:_identify(trash) by extension 'colcon_pkg'
[0.345s] Level 1:colcon.colcon_core.package_identification:_identify(trash) by extensions ['colcon_meta']
[0.345s] Level 1:colcon.colcon_core.package_identification:_identify(trash) by extension 'colcon_meta'
[0.345s] Level 1:colcon.colcon_core.package_identification:_identify(trash) by extensions ['ros']
[0.345s] Level 1:colcon.colcon_core.package_identification:_identify(trash) by extension 'ros'
[0.345s] Level 1:colcon.colcon_core.package_identification:_identify(trash) by extensions ['cmake', 'python']
[0.345s] Level 1:colcon.colcon_core.package_identification:_identify(trash) by extension 'cmake'
[0.345s] Level 1:colcon.colcon_core.package_identification:_identify(trash) by extension 'python'
[0.345s] Level 1:colcon.colcon_core.package_identification:_identify(trash) by extensions ['python_setup_py']
[0.345s] Level 1:colcon.colcon_core.package_identification:_identify(trash) by extension 'python_setup_py'
[0.345s] Level 1:colcon.colcon_core.package_identification:_identify(trash/config) by extensions ['ignore', 'ignore_ament_install']
[0.346s] Level 1:colcon.colcon_core.package_identification:_identify(trash/config) by extension 'ignore'
[0.346s] Level 1:colcon.colcon_core.package_identification:_identify(trash/config) by extension 'ignore_ament_install'
[0.346s] Level 1:colcon.colcon_core.package_identification:_identify(trash/config) by extensions ['colcon_pkg']
[0.346s] Level 1:colcon.colcon_core.package_identification:_identify(trash/config) by extension 'colcon_pkg'
[0.346s] Level 1:colcon.colcon_core.package_identification:_identify(trash/config) by extensions ['colcon_meta']
[0.346s] Level 1:colcon.colcon_core.package_identification:_identify(trash/config) by extension 'colcon_meta'
[0.346s] Level 1:colcon.colcon_core.package_identification:_identify(trash/config) by extensions ['ros']
[0.346s] Level 1:colcon.colcon_core.package_identification:_identify(trash/config) by extension 'ros'
[0.346s] Level 1:colcon.colcon_core.package_identification:_identify(trash/config) by extensions ['cmake', 'python']
[0.346s] Level 1:colcon.colcon_core.package_identification:_identify(trash/config) by extension 'cmake'
[0.346s] Level 1:colcon.colcon_core.package_identification:_identify(trash/config) by extension 'python'
[0.346s] Level 1:colcon.colcon_core.package_identification:_identify(trash/config) by extensions ['python_setup_py']
[0.346s] Level 1:colcon.colcon_core.package_identification:_identify(trash/config) by extension 'python_setup_py'
[0.346s] Level 1:colcon.colcon_core.package_identification:_identify(trash/old) by extensions ['ignore', 'ignore_ament_install']
[0.346s] Level 1:colcon.colcon_core.package_identification:_identify(trash/old) by extension 'ignore'
[0.346s] Level 1:colcon.colcon_core.package_identification:_identify(trash/old) by extension 'ignore_ament_install'
[0.346s] Level 1:colcon.colcon_core.package_identification:_identify(trash/old) by extensions ['colcon_pkg']
[0.346s] Level 1:colcon.colcon_core.package_identification:_identify(trash/old) by extension 'colcon_pkg'
[0.346s] Level 1:colcon.colcon_core.package_identification:_identify(trash/old) by extensions ['colcon_meta']
[0.346s] Level 1:colcon.colcon_core.package_identification:_identify(trash/old) by extension 'colcon_meta'
[0.346s] Level 1:colcon.colcon_core.package_identification:_identify(trash/old) by extensions ['ros']
[0.346s] Level 1:colcon.colcon_core.package_identification:_identify(trash/old) by extension 'ros'
[0.347s] Level 1:colcon.colcon_core.package_identification:_identify(trash/old) by extensions ['cmake', 'python']
[0.347s] Level 1:colcon.colcon_core.package_identification:_identify(trash/old) by extension 'cmake'
[0.347s] Level 1:colcon.colcon_core.package_identification:_identify(trash/old) by extension 'python'
[0.347s] Level 1:colcon.colcon_core.package_identification:_identify(trash/old) by extensions ['python_setup_py']
[0.347s] Level 1:colcon.colcon_core.package_identification:_identify(trash/old) by extension 'python_setup_py'
[0.347s] Level 1:colcon.colcon_core.package_identification:_identify(trash/orientation) by extensions ['ignore', 'ignore_ament_install']
[0.347s] Level 1:colcon.colcon_core.package_identification:_identify(trash/orientation) by extension 'ignore'
[0.347s] Level 1:colcon.colcon_core.package_identification:_identify(trash/orientation) by extension 'ignore_ament_install'
[0.347s] Level 1:colcon.colcon_core.package_identification:_identify(trash/orientation) by extensions ['colcon_pkg']
[0.347s] Level 1:colcon.colcon_core.package_identification:_identify(trash/orientation) by extension 'colcon_pkg'
[0.347s] Level 1:colcon.colcon_core.package_identification:_identify(trash/orientation) by extensions ['colcon_meta']
[0.347s] Level 1:colcon.colcon_core.package_identification:_identify(trash/orientation) by extension 'colcon_meta'
[0.347s] Level 1:colcon.colcon_core.package_identification:_identify(trash/orientation) by extensions ['ros']
[0.347s] Level 1:colcon.colcon_core.package_identification:_identify(trash/orientation) by extension 'ros'
[0.347s] Level 1:colcon.colcon_core.package_identification:_identify(trash/orientation) by extensions ['cmake', 'python']
[0.347s] Level 1:colcon.colcon_core.package_identification:_identify(trash/orientation) by extension 'cmake'
[0.347s] Level 1:colcon.colcon_core.package_identification:_identify(trash/orientation) by extension 'python'
[0.347s] Level 1:colcon.colcon_core.package_identification:_identify(trash/orientation) by extensions ['python_setup_py']
[0.347s] Level 1:colcon.colcon_core.package_identification:_identify(trash/orientation) by extension 'python_setup_py'
[0.347s] Level 1:colcon.colcon_core.package_identification:_identify(trash/utils) by extensions ['ignore', 'ignore_ament_install']
[0.348s] Level 1:colcon.colcon_core.package_identification:_identify(trash/utils) by extension 'ignore'
[0.348s] Level 1:colcon.colcon_core.package_identification:_identify(trash/utils) by extension 'ignore_ament_install'
[0.348s] Level 1:colcon.colcon_core.package_identification:_identify(trash/utils) by extensions ['colcon_pkg']
[0.348s] Level 1:colcon.colcon_core.package_identification:_identify(trash/utils) by extension 'colcon_pkg'
[0.348s] Level 1:colcon.colcon_core.package_identification:_identify(trash/utils) by extensions ['colcon_meta']
[0.348s] Level 1:colcon.colcon_core.package_identification:_identify(trash/utils) by extension 'colcon_meta'
[0.348s] Level 1:colcon.colcon_core.package_identification:_identify(trash/utils) by extensions ['ros']
[0.348s] Level 1:colcon.colcon_core.package_identification:_identify(trash/utils) by extension 'ros'
[0.348s] Level 1:colcon.colcon_core.package_identification:_identify(trash/utils) by extensions ['cmake', 'python']
[0.348s] Level 1:colcon.colcon_core.package_identification:_identify(trash/utils) by extension 'cmake'
[0.348s] Level 1:colcon.colcon_core.package_identification:_identify(trash/utils) by extension 'python'
[0.348s] Level 1:colcon.colcon_core.package_identification:_identify(trash/utils) by extensions ['python_setup_py']
[0.348s] Level 1:colcon.colcon_core.package_identification:_identify(trash/utils) by extension 'python_setup_py'
[0.348s] Level 1:colcon.colcon_core.package_identification:_identify(trash/utils/__pycache__) by extensions ['ignore', 'ignore_ament_install']
[0.348s] Level 1:colcon.colcon_core.package_identification:_identify(trash/utils/__pycache__) by extension 'ignore'
[0.348s] Level 1:colcon.colcon_core.package_identification:_identify(trash/utils/__pycache__) by extension 'ignore_ament_install'
[0.348s] Level 1:colcon.colcon_core.package_identification:_identify(trash/utils/__pycache__) by extensions ['colcon_pkg']
[0.348s] Level 1:colcon.colcon_core.package_identification:_identify(trash/utils/__pycache__) by extension 'colcon_pkg'
[0.348s] Level 1:colcon.colcon_core.package_identification:_identify(trash/utils/__pycache__) by extensions ['colcon_meta']
[0.348s] Level 1:colcon.colcon_core.package_identification:_identify(trash/utils/__pycache__) by extension 'colcon_meta'
[0.348s] Level 1:colcon.colcon_core.package_identification:_identify(trash/utils/__pycache__) by extensions ['ros']
[0.348s] Level 1:colcon.colcon_core.package_identification:_identify(trash/utils/__pycache__) by extension 'ros'
[0.349s] Level 1:colcon.colcon_core.package_identification:_identify(trash/utils/__pycache__) by extensions ['cmake', 'python']
[0.349s] Level 1:colcon.colcon_core.package_identification:_identify(trash/utils/__pycache__) by extension 'cmake'
[0.349s] Level 1:colcon.colcon_core.package_identification:_identify(trash/utils/__pycache__) by extension 'python'
[0.349s] Level 1:colcon.colcon_core.package_identification:_identify(trash/utils/__pycache__) by extensions ['python_setup_py']
[0.349s] Level 1:colcon.colcon_core.package_identification:_identify(trash/utils/__pycache__) by extension 'python_setup_py'
[0.349s] Level 1:colcon.colcon_core.package_discovery:discover_packages(recursive) using defaults
[0.349s] Level 1:colcon.colcon_core.package_discovery:discover_packages(ignore) discover
[0.349s] Level 1:colcon.colcon_core.package_discovery:discover_packages(ignore) using defaults
[0.349s] Level 1:colcon.colcon_core.package_discovery:discover_packages(path) discover
[0.349s] Level 1:colcon.colcon_core.package_discovery:discover_packages(path) using defaults
[0.379s] Level 5:colcon.colcon_core.verb:set package 'imu_driver_ros' build argument 'cmake_args' from command line to 'None'
[0.380s] Level 5:colcon.colcon_core.verb:set package 'imu_driver_ros' build argument 'cmake_target' from command line to 'None'
[0.380s] Level 5:colcon.colcon_core.verb:set package 'imu_driver_ros' build argument 'cmake_target_skip_unavailable' from command line to 'False'
[0.380s] Level 5:colcon.colcon_core.verb:set package 'imu_driver_ros' build argument 'cmake_clean_cache' from command line to 'False'
[0.380s] Level 5:colcon.colcon_core.verb:set package 'imu_driver_ros' build argument 'cmake_clean_first' from command line to 'False'
[0.380s] Level 5:colcon.colcon_core.verb:set package 'imu_driver_ros' build argument 'cmake_force_configure' from command line to 'False'
[0.380s] Level 5:colcon.colcon_core.verb:set package 'imu_driver_ros' build argument 'ament_cmake_args' from command line to 'None'
[0.380s] Level 5:colcon.colcon_core.verb:set package 'imu_driver_ros' build argument 'catkin_cmake_args' from command line to 'None'
[0.380s] Level 5:colcon.colcon_core.verb:set package 'imu_driver_ros' build argument 'catkin_skip_building_tests' from command line to 'False'
[0.380s] DEBUG:colcon.colcon_core.verb:Building package 'imu_driver_ros' with the following arguments: {'ament_cmake_args': None, 'build_base': '/workspace/build/imu_driver_ros', 'catkin_cmake_args': None, 'catkin_skip_building_tests': False, 'cmake_args': None, 'cmake_clean_cache': False, 'cmake_clean_first': False, 'cmake_force_configure': False, 'cmake_target': None, 'cmake_target_skip_unavailable': False, 'install_base': '/workspace/install/imu_driver_ros', 'merge_install': False, 'path': '/workspace/src/imu_driver_ros', 'symlink_install': False, 'test_result_base': None}
[0.380s] INFO:colcon.colcon_core.executor:Executing jobs using 'parallel' executor
[0.381s] DEBUG:colcon.colcon_parallel_executor.executor.parallel:run_until_complete
[0.382s] INFO:colcon.colcon_ros.task.ament_cmake.build:Building ROS package in '/workspace/src/imu_driver_ros' with build type 'ament_cmake'
[0.382s] INFO:colcon.colcon_cmake.task.cmake.build:Building CMake package in '/workspace/src/imu_driver_ros'
[0.385s] INFO:colcon.colcon_core.plugin_system:Skipping extension 'colcon_core.shell.bat': Not used on non-Windows systems
[0.385s] INFO:colcon.colcon_core.shell:Skip shell extension 'powershell' for command environment: Not usable outside of PowerShell
[0.385s] DEBUG:colcon.colcon_core.shell:Skip shell extension 'dsv' for command environment
[0.395s] DEBUG:colcon.colcon_core.event_handler.log_command:Invoking command in '/workspace/build/imu_driver_ros': CMAKE_PREFIX_PATH=/opt/ros/humble /usr/bin/cmake --build /workspace/build/imu_driver_ros -- -j4 -l4
[0.494s] DEBUG:colcon.colcon_core.event_handler.log_command:Invoked command in '/workspace/build/imu_driver_ros' returned '0': CMAKE_PREFIX_PATH=/opt/ros/humble /usr/bin/cmake --build /workspace/build/imu_driver_ros -- -j4 -l4
[0.505s] DEBUG:colcon.colcon_core.event_handler.log_command:Invoking command in '/workspace/build/imu_driver_ros': CMAKE_PREFIX_PATH=/opt/ros/humble /usr/bin/cmake --install /workspace/build/imu_driver_ros
[0.517s] Level 1:colcon.colcon_core.environment:create_environment_scripts_only(imu_driver_ros)
[0.518s] DEBUG:colcon.colcon_core.event_handler.log_command:Invoked command in '/workspace/build/imu_driver_ros' returned '0': CMAKE_PREFIX_PATH=/opt/ros/humble /usr/bin/cmake --install /workspace/build/imu_driver_ros
[0.520s] Level 1:colcon.colcon_core.environment:checking '/workspace/install/imu_driver_ros' for CMake module files
[0.521s] Level 1:colcon.colcon_core.environment:checking '/workspace/install/imu_driver_ros' for CMake config files
[0.521s] Level 1:colcon.colcon_core.shell:create_environment_hook('imu_driver_ros', 'cmake_prefix_path')
[0.521s] INFO:colcon.colcon_core.shell:Creating environment hook '/workspace/install/imu_driver_ros/share/imu_driver_ros/hook/cmake_prefix_path.ps1'
[0.522s] INFO:colcon.colcon_core.shell:Creating environment descriptor '/workspace/install/imu_driver_ros/share/imu_driver_ros/hook/cmake_prefix_path.dsv'
[0.523s] INFO:colcon.colcon_core.shell:Creating environment hook '/workspace/install/imu_driver_ros/share/imu_driver_ros/hook/cmake_prefix_path.sh'
[0.524s] Level 1:colcon.colcon_core.environment:checking '/workspace/install/imu_driver_ros/lib'
[0.525s] Level 1:colcon.colcon_core.environment:checking '/workspace/install/imu_driver_ros/bin'
[0.525s] Level 1:colcon.colcon_core.environment:checking '/workspace/install/imu_driver_ros/lib/pkgconfig/imu_driver_ros.pc'
[0.527s] Level 1:colcon.colcon_core.environment:checking '/workspace/install/imu_driver_ros/lib/python3.10/site-packages'
[0.527s] Level 1:colcon.colcon_core.environment:checking '/workspace/install/imu_driver_ros/bin'
[0.528s] INFO:colcon.colcon_core.shell:Creating package script '/workspace/install/imu_driver_ros/share/imu_driver_ros/package.ps1'
[0.529s] INFO:colcon.colcon_core.shell:Creating package descriptor '/workspace/install/imu_driver_ros/share/imu_driver_ros/package.dsv'
[0.530s] INFO:colcon.colcon_core.shell:Creating package script '/workspace/install/imu_driver_ros/share/imu_driver_ros/package.sh'
[0.531s] INFO:colcon.colcon_core.shell:Creating package script '/workspace/install/imu_driver_ros/share/imu_driver_ros/package.bash'
[0.532s] INFO:colcon.colcon_core.shell:Creating package script '/workspace/install/imu_driver_ros/share/imu_driver_ros/package.zsh'
[0.533s] Level 1:colcon.colcon_core.environment:create_file_with_runtime_dependencies(/workspace/install/imu_driver_ros/share/colcon-core/packages/imu_driver_ros)
[0.534s] Level 1:colcon.colcon_core.environment:create_environment_scripts_only(imu_driver_ros)
[0.534s] Level 1:colcon.colcon_core.environment:checking '/workspace/install/imu_driver_ros' for CMake module files
[0.535s] Level 1:colcon.colcon_core.environment:checking '/workspace/install/imu_driver_ros' for CMake config files
[0.535s] Level 1:colcon.colcon_core.shell:create_environment_hook('imu_driver_ros', 'cmake_prefix_path')
[0.535s] INFO:colcon.colcon_core.shell:Creating environment hook '/workspace/install/imu_driver_ros/share/imu_driver_ros/hook/cmake_prefix_path.ps1'
[0.536s] INFO:colcon.colcon_core.shell:Creating environment descriptor '/workspace/install/imu_driver_ros/share/imu_driver_ros/hook/cmake_prefix_path.dsv'
[0.537s] INFO:colcon.colcon_core.shell:Creating environment hook '/workspace/install/imu_driver_ros/share/imu_driver_ros/hook/cmake_prefix_path.sh'
[0.537s] Level 1:colcon.colcon_core.environment:checking '/workspace/install/imu_driver_ros/lib'
[0.538s] Level 1:colcon.colcon_core.environment:checking '/workspace/install/imu_driver_ros/bin'
[0.538s] Level 1:colcon.colcon_core.environment:checking '/workspace/install/imu_driver_ros/lib/pkgconfig/imu_driver_ros.pc'
[0.538s] Level 1:colcon.colcon_core.environment:checking '/workspace/install/imu_driver_ros/lib/python3.10/site-packages'
[0.538s] Level 1:colcon.colcon_core.environment:checking '/workspace/install/imu_driver_ros/bin'
[0.539s] INFO:colcon.colcon_core.shell:Creating package script '/workspace/install/imu_driver_ros/share/imu_driver_ros/package.ps1'
[0.540s] INFO:colcon.colcon_core.shell:Creating package descriptor '/workspace/install/imu_driver_ros/share/imu_driver_ros/package.dsv'
[0.540s] INFO:colcon.colcon_core.shell:Creating package script '/workspace/install/imu_driver_ros/share/imu_driver_ros/package.sh'
[0.541s] INFO:colcon.colcon_core.shell:Creating package script '/workspace/install/imu_driver_ros/share/imu_driver_ros/package.bash'
[0.542s] INFO:colcon.colcon_core.shell:Creating package script '/workspace/install/imu_driver_ros/share/imu_driver_ros/package.zsh'
[0.576s] Level 1:colcon.colcon_core.environment:create_file_with_runtime_dependencies(/workspace/install/imu_driver_ros/share/colcon-core/packages/imu_driver_ros)
[0.577s] DEBUG:colcon.colcon_parallel_executor.executor.parallel:closing loop
[0.577s] DEBUG:colcon.colcon_parallel_executor.executor.parallel:loop closed
[0.578s] DEBUG:colcon.colcon_parallel_executor.executor.parallel:run_until_complete finished with '0'
[0.578s] DEBUG:colcon.colcon_core.event_reactor:joining thread
[0.585s] INFO:colcon.colcon_core.plugin_system:Skipping extension 'colcon_notification.desktop_notification.notify_send': Could not find 'notify-send'
[0.585s] INFO:colcon.colcon_core.plugin_system:Skipping extension 'colcon_notification.desktop_notification.terminal_notifier': Not used on non-Darwin systems
[0.585s] INFO:colcon.colcon_core.plugin_system:Skipping extension 'colcon_notification.desktop_notification.win32': Not used on non-Windows systems
[0.585s] INFO:colcon.colcon_notification.desktop_notification:Sending desktop notification using 'notify2'
[0.585s] DEBUG:colcon.colcon_notification.desktop_notification.notify2:Failed to initialize notify2: org.freedesktop.DBus.Error.NotSupported: Unable to autolaunch a dbus-daemon without a $DISPLAY for X11
[0.585s] DEBUG:colcon.colcon_core.event_reactor:joined thread
[0.586s] INFO:colcon.colcon_core.shell:Creating prefix script '/workspace/install/local_setup.ps1'
[0.587s] INFO:colcon.colcon_core.shell:Creating prefix util module '/workspace/install/_local_setup_util_ps1.py'
[0.589s] INFO:colcon.colcon_core.shell:Creating prefix chain script '/workspace/install/setup.ps1'
[0.590s] INFO:colcon.colcon_core.shell:Creating prefix script '/workspace/install/local_setup.sh'
[0.591s] INFO:colcon.colcon_core.shell:Creating prefix util module '/workspace/install/_local_setup_util_sh.py'
[0.592s] INFO:colcon.colcon_core.shell:Creating prefix chain script '/workspace/install/setup.sh'
[0.593s] INFO:colcon.colcon_core.shell:Creating prefix script '/workspace/install/local_setup.bash'
[0.594s] INFO:colcon.colcon_core.shell:Creating prefix chain script '/workspace/install/setup.bash'
[0.595s] INFO:colcon.colcon_core.shell:Creating prefix script '/workspace/install/local_setup.zsh'
[0.596s] INFO:colcon.colcon_core.shell:Creating prefix chain script '/workspace/install/setup.zsh'
