[1.625s] DEBUG:colcon:Command line arguments: ['/usr/bin/colcon', 'build', '--packages-select', 'imu_driver_ros']
[1.625s] DEBUG:colcon:Parsed command line arguments: Namespace(log_base=None, log_level=None, verb_name='build', build_base='build', install_base='install', merge_install=False, symlink_install=False, test_result_base=None, continue_on_error=False, executor='parallel', parallel_workers=4, event_handlers=None, ignore_user_meta=False, metas=['./colcon.meta'], base_paths=['.'], packages_ignore=None, packages_ignore_regex=None, paths=None, packages_up_to=None, packages_up_to_regex=None, packages_above=None, packages_above_and_dependencies=None, packages_above_depth=None, packages_select_by_dep=None, packages_skip_by_dep=None, packages_skip_up_to=None, packages_select_build_failed=False, packages_skip_build_finished=False, packages_select_test_failures=False, packages_skip_test_passed=False, packages_select=['imu_driver_ros'], packages_skip=None, packages_select_regex=None, packages_skip_regex=None, packages_start=None, packages_end=None, cmake_args=None, cmake_target=None, cmake_target_skip_unavailable=False, cmake_clean_cache=False, cmake_clean_first=False, cmake_force_configure=False, ament_cmake_args=None, catkin_cmake_args=None, catkin_skip_building_tests=False, mixin_files=None, mixin=None, verb_parser=<colcon_mixin.mixin.mixin_argument.MixinArgumentDecorator object at 0x7fff260c5f30>, verb_extension=<colcon_core.verb.build.BuildVerb object at 0x7fff26283100>, main=<bound method BuildVerb.main of <colcon_core.verb.build.BuildVerb object at 0x7fff26283100>>, mixin_verb=('build',))
[1.874s] Level 1:colcon.colcon_core.package_discovery:discover_packages(colcon_meta) check parameters
[1.876s] INFO:colcon.colcon_metadata.package_discovery.colcon_meta:Using configuration from '/root/.colcon/metadata/default/Gazebo.meta'
[1.877s] INFO:colcon.colcon_metadata.package_discovery.colcon_meta:Using configuration from '/root/.colcon/metadata/default/fastdds.meta'
[1.878s] INFO:colcon.colcon_metadata.package_discovery.colcon_meta:Using configuration from '/root/.colcon/metadata/default/fastrtps.meta'
[1.878s] Level 1:colcon.colcon_core.package_discovery:discover_packages(recursive) check parameters
[1.878s] Level 1:colcon.colcon_core.package_discovery:discover_packages(ignore) check parameters
[1.878s] Level 1:colcon.colcon_core.package_discovery:discover_packages(path) check parameters
[1.878s] Level 1:colcon.colcon_core.package_discovery:discover_packages(colcon_meta) discover
[1.878s] Level 1:colcon.colcon_core.package_discovery:discover_packages(recursive) discover
[1.878s] INFO:colcon.colcon_core.package_discovery:Crawling recursively for packages in '/workspace'
[1.878s] Level 1:colcon.colcon_core.package_identification:_identify(.) by extensions ['ignore', 'ignore_ament_install']
[1.878s] Level 1:colcon.colcon_core.package_identification:_identify(.) by extension 'ignore'
[1.879s] Level 1:colcon.colcon_core.package_identification:_identify(.) by extension 'ignore_ament_install'
[1.879s] Level 1:colcon.colcon_core.package_identification:_identify(.) by extensions ['colcon_pkg']
[1.879s] Level 1:colcon.colcon_core.package_identification:_identify(.) by extension 'colcon_pkg'
[1.879s] Level 1:colcon.colcon_core.package_identification:_identify(.) by extensions ['colcon_meta']
[1.879s] Level 1:colcon.colcon_core.package_identification:_identify(.) by extension 'colcon_meta'
[1.879s] Level 1:colcon.colcon_core.package_identification:_identify(.) by extensions ['ros']
[1.879s] Level 1:colcon.colcon_core.package_identification:_identify(.) by extension 'ros'
[1.904s] Level 1:colcon.colcon_core.package_identification:_identify(.) by extensions ['cmake', 'python']
[1.904s] Level 1:colcon.colcon_core.package_identification:_identify(.) by extension 'cmake'
[1.904s] Level 1:colcon.colcon_core.package_identification:_identify(.) by extension 'python'
[1.905s] Level 1:colcon.colcon_core.package_identification:_identify(.) by extensions ['python_setup_py']
[1.905s] Level 1:colcon.colcon_core.package_identification:_identify(.) by extension 'python_setup_py'
[1.905s] Level 1:colcon.colcon_core.package_identification:_identify(build) by extensions ['ignore', 'ignore_ament_install']
[1.905s] Level 1:colcon.colcon_core.package_identification:_identify(build) by extension 'ignore'
[1.905s] Level 1:colcon.colcon_core.package_identification:_identify(build) ignored
[1.905s] Level 1:colcon.colcon_core.package_identification:_identify(data) by extensions ['ignore', 'ignore_ament_install']
[1.905s] Level 1:colcon.colcon_core.package_identification:_identify(data) by extension 'ignore'
[1.905s] Level 1:colcon.colcon_core.package_identification:_identify(data) by extension 'ignore_ament_install'
[1.905s] Level 1:colcon.colcon_core.package_identification:_identify(data) by extensions ['colcon_pkg']
[1.905s] Level 1:colcon.colcon_core.package_identification:_identify(data) by extension 'colcon_pkg'
[1.905s] Level 1:colcon.colcon_core.package_identification:_identify(data) by extensions ['colcon_meta']
[1.905s] Level 1:colcon.colcon_core.package_identification:_identify(data) by extension 'colcon_meta'
[1.905s] Level 1:colcon.colcon_core.package_identification:_identify(data) by extensions ['ros']
[1.905s] Level 1:colcon.colcon_core.package_identification:_identify(data) by extension 'ros'
[1.905s] Level 1:colcon.colcon_core.package_identification:_identify(data) by extensions ['cmake', 'python']
[1.906s] Level 1:colcon.colcon_core.package_identification:_identify(data) by extension 'cmake'
[1.906s] Level 1:colcon.colcon_core.package_identification:_identify(data) by extension 'python'
[1.906s] Level 1:colcon.colcon_core.package_identification:_identify(data) by extensions ['python_setup_py']
[1.906s] Level 1:colcon.colcon_core.package_identification:_identify(data) by extension 'python_setup_py'
[1.906s] Level 1:colcon.colcon_core.package_identification:_identify(docker ) by extensions ['ignore', 'ignore_ament_install']
[1.906s] Level 1:colcon.colcon_core.package_identification:_identify(docker ) by extension 'ignore'
[1.906s] Level 1:colcon.colcon_core.package_identification:_identify(docker ) by extension 'ignore_ament_install'
[1.906s] Level 1:colcon.colcon_core.package_identification:_identify(docker ) by extensions ['colcon_pkg']
[1.906s] Level 1:colcon.colcon_core.package_identification:_identify(docker ) by extension 'colcon_pkg'
[1.906s] Level 1:colcon.colcon_core.package_identification:_identify(docker ) by extensions ['colcon_meta']
[1.906s] Level 1:colcon.colcon_core.package_identification:_identify(docker ) by extension 'colcon_meta'
[1.906s] Level 1:colcon.colcon_core.package_identification:_identify(docker ) by extensions ['ros']
[1.906s] Level 1:colcon.colcon_core.package_identification:_identify(docker ) by extension 'ros'
[1.906s] Level 1:colcon.colcon_core.package_identification:_identify(docker ) by extensions ['cmake', 'python']
[1.906s] Level 1:colcon.colcon_core.package_identification:_identify(docker ) by extension 'cmake'
[1.906s] Level 1:colcon.colcon_core.package_identification:_identify(docker ) by extension 'python'
[1.906s] Level 1:colcon.colcon_core.package_identification:_identify(docker ) by extensions ['python_setup_py']
[1.906s] Level 1:colcon.colcon_core.package_identification:_identify(docker ) by extension 'python_setup_py'
[1.906s] Level 1:colcon.colcon_core.package_identification:_identify(install) by extensions ['ignore', 'ignore_ament_install']
[1.906s] Level 1:colcon.colcon_core.package_identification:_identify(install) by extension 'ignore'
[1.906s] Level 1:colcon.colcon_core.package_identification:_identify(install) ignored
[1.907s] Level 1:colcon.colcon_core.package_identification:_identify(launch) by extensions ['ignore', 'ignore_ament_install']
[1.907s] Level 1:colcon.colcon_core.package_identification:_identify(launch) by extension 'ignore'
[1.907s] Level 1:colcon.colcon_core.package_identification:_identify(launch) by extension 'ignore_ament_install'
[1.907s] Level 1:colcon.colcon_core.package_identification:_identify(launch) by extensions ['colcon_pkg']
[1.907s] Level 1:colcon.colcon_core.package_identification:_identify(launch) by extension 'colcon_pkg'
[1.907s] Level 1:colcon.colcon_core.package_identification:_identify(launch) by extensions ['colcon_meta']
[1.907s] Level 1:colcon.colcon_core.package_identification:_identify(launch) by extension 'colcon_meta'
[1.907s] Level 1:colcon.colcon_core.package_identification:_identify(launch) by extensions ['ros']
[1.907s] Level 1:colcon.colcon_core.package_identification:_identify(launch) by extension 'ros'
[1.907s] Level 1:colcon.colcon_core.package_identification:_identify(launch) by extensions ['cmake', 'python']
[1.907s] Level 1:colcon.colcon_core.package_identification:_identify(launch) by extension 'cmake'
[1.907s] Level 1:colcon.colcon_core.package_identification:_identify(launch) by extension 'python'
[1.907s] Level 1:colcon.colcon_core.package_identification:_identify(launch) by extensions ['python_setup_py']
[1.907s] Level 1:colcon.colcon_core.package_identification:_identify(launch) by extension 'python_setup_py'
[1.907s] Level 1:colcon.colcon_core.package_identification:_identify(log) by extensions ['ignore', 'ignore_ament_install']
[1.907s] Level 1:colcon.colcon_core.package_identification:_identify(log) by extension 'ignore'
[1.907s] Level 1:colcon.colcon_core.package_identification:_identify(log) ignored
[1.907s] Level 1:colcon.colcon_core.package_identification:_identify(src) by extensions ['ignore', 'ignore_ament_install']
[1.907s] Level 1:colcon.colcon_core.package_identification:_identify(src) by extension 'ignore'
[1.907s] Level 1:colcon.colcon_core.package_identification:_identify(src) by extension 'ignore_ament_install'
[1.908s] Level 1:colcon.colcon_core.package_identification:_identify(src) by extensions ['colcon_pkg']
[1.908s] Level 1:colcon.colcon_core.package_identification:_identify(src) by extension 'colcon_pkg'
[1.908s] Level 1:colcon.colcon_core.package_identification:_identify(src) by extensions ['colcon_meta']
[1.908s] Level 1:colcon.colcon_core.package_identification:_identify(src) by extension 'colcon_meta'
[1.908s] Level 1:colcon.colcon_core.package_identification:_identify(src) by extensions ['ros']
[1.908s] Level 1:colcon.colcon_core.package_identification:_identify(src) by extension 'ros'
[1.908s] Level 1:colcon.colcon_core.package_identification:_identify(src) by extensions ['cmake', 'python']
[1.908s] Level 1:colcon.colcon_core.package_identification:_identify(src) by extension 'cmake'
[1.908s] Level 1:colcon.colcon_core.package_identification:_identify(src) by extension 'python'
[1.908s] Level 1:colcon.colcon_core.package_identification:_identify(src) by extensions ['python_setup_py']
[1.908s] Level 1:colcon.colcon_core.package_identification:_identify(src) by extension 'python_setup_py'
[1.908s] Level 1:colcon.colcon_core.package_identification:_identify(src/imu_driver_ros) by extensions ['ignore', 'ignore_ament_install']
[1.908s] Level 1:colcon.colcon_core.package_identification:_identify(src/imu_driver_ros) by extension 'ignore'
[1.908s] Level 1:colcon.colcon_core.package_identification:_identify(src/imu_driver_ros) by extension 'ignore_ament_install'
[1.908s] Level 1:colcon.colcon_core.package_identification:_identify(src/imu_driver_ros) by extensions ['colcon_pkg']
[1.908s] Level 1:colcon.colcon_core.package_identification:_identify(src/imu_driver_ros) by extension 'colcon_pkg'
[1.908s] Level 1:colcon.colcon_core.package_identification:_identify(src/imu_driver_ros) by extensions ['colcon_meta']
[1.908s] Level 1:colcon.colcon_core.package_identification:_identify(src/imu_driver_ros) by extension 'colcon_meta'
[1.908s] Level 1:colcon.colcon_core.package_identification:_identify(src/imu_driver_ros) by extensions ['ros']
[1.908s] Level 1:colcon.colcon_core.package_identification:_identify(src/imu_driver_ros) by extension 'ros'
[1.913s] DEBUG:colcon.colcon_core.package_identification:Package 'src/imu_driver_ros' with type 'ros.ament_cmake' and name 'imu_driver_ros'
[1.913s] Level 1:colcon.colcon_core.package_identification:_identify(src/imu_node) by extensions ['ignore', 'ignore_ament_install']
[1.913s] Level 1:colcon.colcon_core.package_identification:_identify(src/imu_node) by extension 'ignore'
[1.913s] Level 1:colcon.colcon_core.package_identification:_identify(src/imu_node) by extension 'ignore_ament_install'
[1.913s] Level 1:colcon.colcon_core.package_identification:_identify(src/imu_node) by extensions ['colcon_pkg']
[1.913s] Level 1:colcon.colcon_core.package_identification:_identify(src/imu_node) by extension 'colcon_pkg'
[1.913s] Level 1:colcon.colcon_core.package_identification:_identify(src/imu_node) by extensions ['colcon_meta']
[1.913s] Level 1:colcon.colcon_core.package_identification:_identify(src/imu_node) by extension 'colcon_meta'
[1.913s] Level 1:colcon.colcon_core.package_identification:_identify(src/imu_node) by extensions ['ros']
[1.913s] Level 1:colcon.colcon_core.package_identification:_identify(src/imu_node) by extension 'ros'
[1.913s] Level 1:colcon.colcon_core.package_identification:_identify(src/imu_node) by extensions ['cmake', 'python']
[1.913s] Level 1:colcon.colcon_core.package_identification:_identify(src/imu_node) by extension 'cmake'
[1.913s] Level 1:colcon.colcon_core.package_identification:_identify(src/imu_node) by extension 'python'
[1.913s] Level 1:colcon.colcon_core.package_identification:_identify(src/imu_node) by extensions ['python_setup_py']
[1.914s] Level 1:colcon.colcon_core.package_identification:_identify(src/imu_node) by extension 'python_setup_py'
[1.914s] Level 1:colcon.colcon_core.package_identification:_identify(trash) by extensions ['ignore', 'ignore_ament_install']
[1.914s] Level 1:colcon.colcon_core.package_identification:_identify(trash) by extension 'ignore'
[1.914s] Level 1:colcon.colcon_core.package_identification:_identify(trash) by extension 'ignore_ament_install'
[1.914s] Level 1:colcon.colcon_core.package_identification:_identify(trash) by extensions ['colcon_pkg']
[1.914s] Level 1:colcon.colcon_core.package_identification:_identify(trash) by extension 'colcon_pkg'
[1.914s] Level 1:colcon.colcon_core.package_identification:_identify(trash) by extensions ['colcon_meta']
[1.914s] Level 1:colcon.colcon_core.package_identification:_identify(trash) by extension 'colcon_meta'
[1.914s] Level 1:colcon.colcon_core.package_identification:_identify(trash) by extensions ['ros']
[1.914s] Level 1:colcon.colcon_core.package_identification:_identify(trash) by extension 'ros'
[1.914s] Level 1:colcon.colcon_core.package_identification:_identify(trash) by extensions ['cmake', 'python']
[1.914s] Level 1:colcon.colcon_core.package_identification:_identify(trash) by extension 'cmake'
[1.914s] Level 1:colcon.colcon_core.package_identification:_identify(trash) by extension 'python'
[1.914s] Level 1:colcon.colcon_core.package_identification:_identify(trash) by extensions ['python_setup_py']
[1.914s] Level 1:colcon.colcon_core.package_identification:_identify(trash) by extension 'python_setup_py'
[1.914s] Level 1:colcon.colcon_core.package_identification:_identify(trash/config) by extensions ['ignore', 'ignore_ament_install']
[1.914s] Level 1:colcon.colcon_core.package_identification:_identify(trash/config) by extension 'ignore'
[1.914s] Level 1:colcon.colcon_core.package_identification:_identify(trash/config) by extension 'ignore_ament_install'
[1.914s] Level 1:colcon.colcon_core.package_identification:_identify(trash/config) by extensions ['colcon_pkg']
[1.914s] Level 1:colcon.colcon_core.package_identification:_identify(trash/config) by extension 'colcon_pkg'
[1.915s] Level 1:colcon.colcon_core.package_identification:_identify(trash/config) by extensions ['colcon_meta']
[1.915s] Level 1:colcon.colcon_core.package_identification:_identify(trash/config) by extension 'colcon_meta'
[1.915s] Level 1:colcon.colcon_core.package_identification:_identify(trash/config) by extensions ['ros']
[1.915s] Level 1:colcon.colcon_core.package_identification:_identify(trash/config) by extension 'ros'
[1.915s] Level 1:colcon.colcon_core.package_identification:_identify(trash/config) by extensions ['cmake', 'python']
[1.915s] Level 1:colcon.colcon_core.package_identification:_identify(trash/config) by extension 'cmake'
[1.915s] Level 1:colcon.colcon_core.package_identification:_identify(trash/config) by extension 'python'
[1.915s] Level 1:colcon.colcon_core.package_identification:_identify(trash/config) by extensions ['python_setup_py']
[1.915s] Level 1:colcon.colcon_core.package_identification:_identify(trash/config) by extension 'python_setup_py'
[1.915s] Level 1:colcon.colcon_core.package_identification:_identify(trash/old) by extensions ['ignore', 'ignore_ament_install']
[1.915s] Level 1:colcon.colcon_core.package_identification:_identify(trash/old) by extension 'ignore'
[1.915s] Level 1:colcon.colcon_core.package_identification:_identify(trash/old) by extension 'ignore_ament_install'
[1.915s] Level 1:colcon.colcon_core.package_identification:_identify(trash/old) by extensions ['colcon_pkg']
[1.915s] Level 1:colcon.colcon_core.package_identification:_identify(trash/old) by extension 'colcon_pkg'
[1.915s] Level 1:colcon.colcon_core.package_identification:_identify(trash/old) by extensions ['colcon_meta']
[1.915s] Level 1:colcon.colcon_core.package_identification:_identify(trash/old) by extension 'colcon_meta'
[1.915s] Level 1:colcon.colcon_core.package_identification:_identify(trash/old) by extensions ['ros']
[1.915s] Level 1:colcon.colcon_core.package_identification:_identify(trash/old) by extension 'ros'
[1.915s] Level 1:colcon.colcon_core.package_identification:_identify(trash/old) by extensions ['cmake', 'python']
[1.915s] Level 1:colcon.colcon_core.package_identification:_identify(trash/old) by extension 'cmake'
[1.915s] Level 1:colcon.colcon_core.package_identification:_identify(trash/old) by extension 'python'
[1.915s] Level 1:colcon.colcon_core.package_identification:_identify(trash/old) by extensions ['python_setup_py']
[1.915s] Level 1:colcon.colcon_core.package_identification:_identify(trash/old) by extension 'python_setup_py'
[1.916s] Level 1:colcon.colcon_core.package_identification:_identify(trash/orientation) by extensions ['ignore', 'ignore_ament_install']
[1.916s] Level 1:colcon.colcon_core.package_identification:_identify(trash/orientation) by extension 'ignore'
[1.916s] Level 1:colcon.colcon_core.package_identification:_identify(trash/orientation) by extension 'ignore_ament_install'
[1.916s] Level 1:colcon.colcon_core.package_identification:_identify(trash/orientation) by extensions ['colcon_pkg']
[1.916s] Level 1:colcon.colcon_core.package_identification:_identify(trash/orientation) by extension 'colcon_pkg'
[1.916s] Level 1:colcon.colcon_core.package_identification:_identify(trash/orientation) by extensions ['colcon_meta']
[1.916s] Level 1:colcon.colcon_core.package_identification:_identify(trash/orientation) by extension 'colcon_meta'
[1.916s] Level 1:colcon.colcon_core.package_identification:_identify(trash/orientation) by extensions ['ros']
[1.916s] Level 1:colcon.colcon_core.package_identification:_identify(trash/orientation) by extension 'ros'
[1.916s] Level 1:colcon.colcon_core.package_identification:_identify(trash/orientation) by extensions ['cmake', 'python']
[1.916s] Level 1:colcon.colcon_core.package_identification:_identify(trash/orientation) by extension 'cmake'
[1.916s] Level 1:colcon.colcon_core.package_identification:_identify(trash/orientation) by extension 'python'
[1.916s] Level 1:colcon.colcon_core.package_identification:_identify(trash/orientation) by extensions ['python_setup_py']
[1.916s] Level 1:colcon.colcon_core.package_identification:_identify(trash/orientation) by extension 'python_setup_py'
[1.916s] Level 1:colcon.colcon_core.package_identification:_identify(trash/utils) by extensions ['ignore', 'ignore_ament_install']
[1.916s] Level 1:colcon.colcon_core.package_identification:_identify(trash/utils) by extension 'ignore'
[1.916s] Level 1:colcon.colcon_core.package_identification:_identify(trash/utils) by extension 'ignore_ament_install'
[1.916s] Level 1:colcon.colcon_core.package_identification:_identify(trash/utils) by extensions ['colcon_pkg']
[1.916s] Level 1:colcon.colcon_core.package_identification:_identify(trash/utils) by extension 'colcon_pkg'
[1.916s] Level 1:colcon.colcon_core.package_identification:_identify(trash/utils) by extensions ['colcon_meta']
[1.916s] Level 1:colcon.colcon_core.package_identification:_identify(trash/utils) by extension 'colcon_meta'
[1.916s] Level 1:colcon.colcon_core.package_identification:_identify(trash/utils) by extensions ['ros']
[1.916s] Level 1:colcon.colcon_core.package_identification:_identify(trash/utils) by extension 'ros'
[1.917s] Level 1:colcon.colcon_core.package_identification:_identify(trash/utils) by extensions ['cmake', 'python']
[1.917s] Level 1:colcon.colcon_core.package_identification:_identify(trash/utils) by extension 'cmake'
[1.917s] Level 1:colcon.colcon_core.package_identification:_identify(trash/utils) by extension 'python'
[1.917s] Level 1:colcon.colcon_core.package_identification:_identify(trash/utils) by extensions ['python_setup_py']
[1.917s] Level 1:colcon.colcon_core.package_identification:_identify(trash/utils) by extension 'python_setup_py'
[1.917s] Level 1:colcon.colcon_core.package_identification:_identify(trash/utils/__pycache__) by extensions ['ignore', 'ignore_ament_install']
[1.917s] Level 1:colcon.colcon_core.package_identification:_identify(trash/utils/__pycache__) by extension 'ignore'
[1.917s] Level 1:colcon.colcon_core.package_identification:_identify(trash/utils/__pycache__) by extension 'ignore_ament_install'
[1.917s] Level 1:colcon.colcon_core.package_identification:_identify(trash/utils/__pycache__) by extensions ['colcon_pkg']
[1.917s] Level 1:colcon.colcon_core.package_identification:_identify(trash/utils/__pycache__) by extension 'colcon_pkg'
[1.917s] Level 1:colcon.colcon_core.package_identification:_identify(trash/utils/__pycache__) by extensions ['colcon_meta']
[1.917s] Level 1:colcon.colcon_core.package_identification:_identify(trash/utils/__pycache__) by extension 'colcon_meta'
[1.917s] Level 1:colcon.colcon_core.package_identification:_identify(trash/utils/__pycache__) by extensions ['ros']
[1.917s] Level 1:colcon.colcon_core.package_identification:_identify(trash/utils/__pycache__) by extension 'ros'
[1.917s] Level 1:colcon.colcon_core.package_identification:_identify(trash/utils/__pycache__) by extensions ['cmake', 'python']
[1.917s] Level 1:colcon.colcon_core.package_identification:_identify(trash/utils/__pycache__) by extension 'cmake'
[1.917s] Level 1:colcon.colcon_core.package_identification:_identify(trash/utils/__pycache__) by extension 'python'
[1.917s] Level 1:colcon.colcon_core.package_identification:_identify(trash/utils/__pycache__) by extensions ['python_setup_py']
[1.917s] Level 1:colcon.colcon_core.package_identification:_identify(trash/utils/__pycache__) by extension 'python_setup_py'
[1.917s] Level 1:colcon.colcon_core.package_discovery:discover_packages(recursive) using defaults
[1.917s] Level 1:colcon.colcon_core.package_discovery:discover_packages(ignore) discover
[1.917s] Level 1:colcon.colcon_core.package_discovery:discover_packages(ignore) using defaults
[1.917s] Level 1:colcon.colcon_core.package_discovery:discover_packages(path) discover
[1.917s] Level 1:colcon.colcon_core.package_discovery:discover_packages(path) using defaults
[1.970s] Level 5:colcon.colcon_core.verb:set package 'imu_driver_ros' build argument 'cmake_args' from command line to 'None'
[1.970s] Level 5:colcon.colcon_core.verb:set package 'imu_driver_ros' build argument 'cmake_target' from command line to 'None'
[1.970s] Level 5:colcon.colcon_core.verb:set package 'imu_driver_ros' build argument 'cmake_target_skip_unavailable' from command line to 'False'
[1.970s] Level 5:colcon.colcon_core.verb:set package 'imu_driver_ros' build argument 'cmake_clean_cache' from command line to 'False'
[1.971s] Level 5:colcon.colcon_core.verb:set package 'imu_driver_ros' build argument 'cmake_clean_first' from command line to 'False'
[1.971s] Level 5:colcon.colcon_core.verb:set package 'imu_driver_ros' build argument 'cmake_force_configure' from command line to 'False'
[1.971s] Level 5:colcon.colcon_core.verb:set package 'imu_driver_ros' build argument 'ament_cmake_args' from command line to 'None'
[1.971s] Level 5:colcon.colcon_core.verb:set package 'imu_driver_ros' build argument 'catkin_cmake_args' from command line to 'None'
[1.971s] Level 5:colcon.colcon_core.verb:set package 'imu_driver_ros' build argument 'catkin_skip_building_tests' from command line to 'False'
[1.971s] DEBUG:colcon.colcon_core.verb:Building package 'imu_driver_ros' with the following arguments: {'ament_cmake_args': None, 'build_base': '/workspace/build/imu_driver_ros', 'catkin_cmake_args': None, 'catkin_skip_building_tests': False, 'cmake_args': None, 'cmake_clean_cache': False, 'cmake_clean_first': False, 'cmake_force_configure': False, 'cmake_target': None, 'cmake_target_skip_unavailable': False, 'install_base': '/workspace/install/imu_driver_ros', 'merge_install': False, 'path': '/workspace/src/imu_driver_ros', 'symlink_install': False, 'test_result_base': None}
[1.971s] INFO:colcon.colcon_core.executor:Executing jobs using 'parallel' executor
[1.972s] DEBUG:colcon.colcon_parallel_executor.executor.parallel:run_until_complete
[1.973s] INFO:colcon.colcon_ros.task.ament_cmake.build:Building ROS package in '/workspace/src/imu_driver_ros' with build type 'ament_cmake'
[1.973s] INFO:colcon.colcon_cmake.task.cmake.build:Building CMake package in '/workspace/src/imu_driver_ros'
[1.981s] INFO:colcon.colcon_core.plugin_system:Skipping extension 'colcon_core.shell.bat': Not used on non-Windows systems
[1.981s] INFO:colcon.colcon_core.shell:Skip shell extension 'powershell' for command environment: Not usable outside of PowerShell
[1.981s] DEBUG:colcon.colcon_core.shell:Skip shell extension 'dsv' for command environment
[1.992s] DEBUG:colcon.colcon_core.event_handler.log_command:Invoking command in '/workspace/build/imu_driver_ros': CMAKE_PREFIX_PATH=/opt/ros/humble /usr/bin/cmake /workspace/src/imu_driver_ros -DCMAKE_INSTALL_PREFIX=/workspace/install/imu_driver_ros
[4.064s] DEBUG:colcon.colcon_core.event_handler.log_command:Invoked command in '/workspace/build/imu_driver_ros' returned '1': CMAKE_PREFIX_PATH=/opt/ros/humble /usr/bin/cmake /workspace/src/imu_driver_ros -DCMAKE_INSTALL_PREFIX=/workspace/install/imu_driver_ros
[4.076s] Level 1:colcon.colcon_core.environment:create_environment_scripts_only(imu_driver_ros)
[4.086s] Level 1:colcon.colcon_core.environment:checking '/workspace/install/imu_driver_ros' for CMake module files
[4.086s] Level 1:colcon.colcon_core.environment:checking '/workspace/install/imu_driver_ros' for CMake config files
[4.087s] Level 1:colcon.colcon_core.environment:checking '/workspace/install/imu_driver_ros/bin'
[4.087s] Level 1:colcon.colcon_core.environment:checking '/workspace/install/imu_driver_ros/lib/pkgconfig/imu_driver_ros.pc'
[4.089s] Level 1:colcon.colcon_core.environment:checking '/workspace/install/imu_driver_ros/lib/python3.10/site-packages'
[4.089s] Level 1:colcon.colcon_core.environment:checking '/workspace/install/imu_driver_ros/bin'
[4.089s] INFO:colcon.colcon_core.shell:Creating package script '/workspace/install/imu_driver_ros/share/imu_driver_ros/package.ps1'
[4.092s] INFO:colcon.colcon_core.shell:Creating package descriptor '/workspace/install/imu_driver_ros/share/imu_driver_ros/package.dsv'
[4.093s] INFO:colcon.colcon_core.shell:Creating package script '/workspace/install/imu_driver_ros/share/imu_driver_ros/package.sh'
[4.093s] INFO:colcon.colcon_core.shell:Creating package script '/workspace/install/imu_driver_ros/share/imu_driver_ros/package.bash'
[4.095s] INFO:colcon.colcon_core.shell:Creating package script '/workspace/install/imu_driver_ros/share/imu_driver_ros/package.zsh'
[4.096s] Level 1:colcon.colcon_core.environment:create_file_with_runtime_dependencies(/workspace/install/imu_driver_ros/share/colcon-core/packages/imu_driver_ros)
[4.107s] DEBUG:colcon.colcon_parallel_executor.executor.parallel:closing loop
[4.107s] DEBUG:colcon.colcon_parallel_executor.executor.parallel:loop closed
[4.107s] DEBUG:colcon.colcon_parallel_executor.executor.parallel:run_until_complete finished with '1'
[4.107s] DEBUG:colcon.colcon_core.event_reactor:joining thread
[4.126s] INFO:colcon.colcon_core.plugin_system:Skipping extension 'colcon_notification.desktop_notification.notify_send': Could not find 'notify-send'
[4.126s] INFO:colcon.colcon_core.plugin_system:Skipping extension 'colcon_notification.desktop_notification.terminal_notifier': Not used on non-Darwin systems
[4.127s] INFO:colcon.colcon_core.plugin_system:Skipping extension 'colcon_notification.desktop_notification.win32': Not used on non-Windows systems
[4.127s] INFO:colcon.colcon_notification.desktop_notification:Sending desktop notification using 'notify2'
[4.127s] DEBUG:colcon.colcon_notification.desktop_notification.notify2:Failed to initialize notify2: org.freedesktop.DBus.Error.NotSupported: Unable to autolaunch a dbus-daemon without a $DISPLAY for X11
[4.127s] DEBUG:colcon.colcon_core.event_reactor:joined thread
[4.127s] INFO:colcon.colcon_core.shell:Creating prefix script '/workspace/install/local_setup.ps1'
[4.129s] INFO:colcon.colcon_core.shell:Creating prefix util module '/workspace/install/_local_setup_util_ps1.py'
[4.131s] INFO:colcon.colcon_core.shell:Creating prefix chain script '/workspace/install/setup.ps1'
[4.132s] INFO:colcon.colcon_core.shell:Creating prefix script '/workspace/install/local_setup.sh'
[4.133s] INFO:colcon.colcon_core.shell:Creating prefix util module '/workspace/install/_local_setup_util_sh.py'
[4.134s] INFO:colcon.colcon_core.shell:Creating prefix chain script '/workspace/install/setup.sh'
[4.135s] INFO:colcon.colcon_core.shell:Creating prefix script '/workspace/install/local_setup.bash'
[4.136s] INFO:colcon.colcon_core.shell:Creating prefix chain script '/workspace/install/setup.bash'
[4.137s] INFO:colcon.colcon_core.shell:Creating prefix script '/workspace/install/local_setup.zsh'
[4.138s] INFO:colcon.colcon_core.shell:Creating prefix chain script '/workspace/install/setup.zsh'
