[0.129s] DEBUG:colcon:Command line arguments: ['/usr/bin/colcon', 'build', '--packages-select', 'imu_driver_ros']
[0.130s] DEBUG:colcon:Parsed command line arguments: Namespace(log_base=None, log_level=None, verb_name='build', build_base='build', install_base='install', merge_install=False, symlink_install=False, test_result_base=None, continue_on_error=False, executor='parallel', parallel_workers=4, event_handlers=None, ignore_user_meta=False, metas=['./colcon.meta'], base_paths=['.'], packages_ignore=None, packages_ignore_regex=None, paths=None, packages_up_to=None, packages_up_to_regex=None, packages_above=None, packages_above_and_dependencies=None, packages_above_depth=None, packages_select_by_dep=None, packages_skip_by_dep=None, packages_skip_up_to=None, packages_select_build_failed=False, packages_skip_build_finished=False, packages_select_test_failures=False, packages_skip_test_passed=False, packages_select=['imu_driver_ros'], packages_skip=None, packages_select_regex=None, packages_skip_regex=None, packages_start=None, packages_end=None, cmake_args=None, cmake_target=None, cmake_target_skip_unavailable=False, cmake_clean_cache=False, cmake_clean_first=False, cmake_force_configure=False, ament_cmake_args=None, catkin_cmake_args=None, catkin_skip_building_tests=False, mixin_files=None, mixin=None, verb_parser=<colcon_mixin.mixin.mixin_argument.MixinArgumentDecorator object at 0x7fff480e5f00>, verb_extension=<colcon_core.verb.build.BuildVerb object at 0x7fff482a30d0>, main=<bound method BuildVerb.main of <colcon_core.verb.build.BuildVerb object at 0x7fff482a30d0>>, mixin_verb=('build',))
[0.254s] Level 1:colcon.colcon_core.package_discovery:discover_packages(colcon_meta) check parameters
[0.255s] INFO:colcon.colcon_metadata.package_discovery.colcon_meta:Using configuration from '/root/.colcon/metadata/default/Gazebo.meta'
[0.256s] INFO:colcon.colcon_metadata.package_discovery.colcon_meta:Using configuration from '/root/.colcon/metadata/default/fastdds.meta'
[0.257s] INFO:colcon.colcon_metadata.package_discovery.colcon_meta:Using configuration from '/root/.colcon/metadata/default/fastrtps.meta'
[0.257s] Level 1:colcon.colcon_core.package_discovery:discover_packages(recursive) check parameters
[0.257s] Level 1:colcon.colcon_core.package_discovery:discover_packages(ignore) check parameters
[0.257s] Level 1:colcon.colcon_core.package_discovery:discover_packages(path) check parameters
[0.257s] Level 1:colcon.colcon_core.package_discovery:discover_packages(colcon_meta) discover
[0.257s] Level 1:colcon.colcon_core.package_discovery:discover_packages(recursive) discover
[0.257s] INFO:colcon.colcon_core.package_discovery:Crawling recursively for packages in '/workspace'
[0.257s] Level 1:colcon.colcon_core.package_identification:_identify(.) by extensions ['ignore', 'ignore_ament_install']
[0.257s] Level 1:colcon.colcon_core.package_identification:_identify(.) by extension 'ignore'
[0.257s] Level 1:colcon.colcon_core.package_identification:_identify(.) by extension 'ignore_ament_install'
[0.257s] Level 1:colcon.colcon_core.package_identification:_identify(.) by extensions ['colcon_pkg']
[0.257s] Level 1:colcon.colcon_core.package_identification:_identify(.) by extension 'colcon_pkg'
[0.257s] Level 1:colcon.colcon_core.package_identification:_identify(.) by extensions ['colcon_meta']
[0.257s] Level 1:colcon.colcon_core.package_identification:_identify(.) by extension 'colcon_meta'
[0.257s] Level 1:colcon.colcon_core.package_identification:_identify(.) by extensions ['ros']
[0.257s] Level 1:colcon.colcon_core.package_identification:_identify(.) by extension 'ros'
[0.270s] Level 1:colcon.colcon_core.package_identification:_identify(.) by extensions ['cmake', 'python']
[0.270s] Level 1:colcon.colcon_core.package_identification:_identify(.) by extension 'cmake'
[0.270s] Level 1:colcon.colcon_core.package_identification:_identify(.) by extension 'python'
[0.270s] Level 1:colcon.colcon_core.package_identification:_identify(.) by extensions ['python_setup_py']
[0.271s] Level 1:colcon.colcon_core.package_identification:_identify(.) by extension 'python_setup_py'
[0.271s] Level 1:colcon.colcon_core.package_identification:_identify(build) by extensions ['ignore', 'ignore_ament_install']
[0.271s] Level 1:colcon.colcon_core.package_identification:_identify(build) by extension 'ignore'
[0.271s] Level 1:colcon.colcon_core.package_identification:_identify(build) ignored
[0.271s] Level 1:colcon.colcon_core.package_identification:_identify(data) by extensions ['ignore', 'ignore_ament_install']
[0.271s] Level 1:colcon.colcon_core.package_identification:_identify(data) by extension 'ignore'
[0.271s] Level 1:colcon.colcon_core.package_identification:_identify(data) by extension 'ignore_ament_install'
[0.271s] Level 1:colcon.colcon_core.package_identification:_identify(data) by extensions ['colcon_pkg']
[0.271s] Level 1:colcon.colcon_core.package_identification:_identify(data) by extension 'colcon_pkg'
[0.271s] Level 1:colcon.colcon_core.package_identification:_identify(data) by extensions ['colcon_meta']
[0.271s] Level 1:colcon.colcon_core.package_identification:_identify(data) by extension 'colcon_meta'
[0.271s] Level 1:colcon.colcon_core.package_identification:_identify(data) by extensions ['ros']
[0.271s] Level 1:colcon.colcon_core.package_identification:_identify(data) by extension 'ros'
[0.271s] Level 1:colcon.colcon_core.package_identification:_identify(data) by extensions ['cmake', 'python']
[0.271s] Level 1:colcon.colcon_core.package_identification:_identify(data) by extension 'cmake'
[0.272s] Level 1:colcon.colcon_core.package_identification:_identify(data) by extension 'python'
[0.272s] Level 1:colcon.colcon_core.package_identification:_identify(data) by extensions ['python_setup_py']
[0.272s] Level 1:colcon.colcon_core.package_identification:_identify(data) by extension 'python_setup_py'
[0.272s] Level 1:colcon.colcon_core.package_identification:_identify(docker ) by extensions ['ignore', 'ignore_ament_install']
[0.272s] Level 1:colcon.colcon_core.package_identification:_identify(docker ) by extension 'ignore'
[0.272s] Level 1:colcon.colcon_core.package_identification:_identify(docker ) by extension 'ignore_ament_install'
[0.272s] Level 1:colcon.colcon_core.package_identification:_identify(docker ) by extensions ['colcon_pkg']
[0.272s] Level 1:colcon.colcon_core.package_identification:_identify(docker ) by extension 'colcon_pkg'
[0.272s] Level 1:colcon.colcon_core.package_identification:_identify(docker ) by extensions ['colcon_meta']
[0.272s] Level 1:colcon.colcon_core.package_identification:_identify(docker ) by extension 'colcon_meta'
[0.272s] Level 1:colcon.colcon_core.package_identification:_identify(docker ) by extensions ['ros']
[0.272s] Level 1:colcon.colcon_core.package_identification:_identify(docker ) by extension 'ros'
[0.272s] Level 1:colcon.colcon_core.package_identification:_identify(docker ) by extensions ['cmake', 'python']
[0.272s] Level 1:colcon.colcon_core.package_identification:_identify(docker ) by extension 'cmake'
[0.272s] Level 1:colcon.colcon_core.package_identification:_identify(docker ) by extension 'python'
[0.272s] Level 1:colcon.colcon_core.package_identification:_identify(docker ) by extensions ['python_setup_py']
[0.272s] Level 1:colcon.colcon_core.package_identification:_identify(docker ) by extension 'python_setup_py'
[0.272s] Level 1:colcon.colcon_core.package_identification:_identify(install) by extensions ['ignore', 'ignore_ament_install']
[0.272s] Level 1:colcon.colcon_core.package_identification:_identify(install) by extension 'ignore'
[0.272s] Level 1:colcon.colcon_core.package_identification:_identify(install) ignored
[0.272s] Level 1:colcon.colcon_core.package_identification:_identify(launch) by extensions ['ignore', 'ignore_ament_install']
[0.273s] Level 1:colcon.colcon_core.package_identification:_identify(launch) by extension 'ignore'
[0.273s] Level 1:colcon.colcon_core.package_identification:_identify(launch) by extension 'ignore_ament_install'
[0.273s] Level 1:colcon.colcon_core.package_identification:_identify(launch) by extensions ['colcon_pkg']
[0.273s] Level 1:colcon.colcon_core.package_identification:_identify(launch) by extension 'colcon_pkg'
[0.273s] Level 1:colcon.colcon_core.package_identification:_identify(launch) by extensions ['colcon_meta']
[0.273s] Level 1:colcon.colcon_core.package_identification:_identify(launch) by extension 'colcon_meta'
[0.273s] Level 1:colcon.colcon_core.package_identification:_identify(launch) by extensions ['ros']
[0.273s] Level 1:colcon.colcon_core.package_identification:_identify(launch) by extension 'ros'
[0.273s] Level 1:colcon.colcon_core.package_identification:_identify(launch) by extensions ['cmake', 'python']
[0.273s] Level 1:colcon.colcon_core.package_identification:_identify(launch) by extension 'cmake'
[0.273s] Level 1:colcon.colcon_core.package_identification:_identify(launch) by extension 'python'
[0.273s] Level 1:colcon.colcon_core.package_identification:_identify(launch) by extensions ['python_setup_py']
[0.273s] Level 1:colcon.colcon_core.package_identification:_identify(launch) by extension 'python_setup_py'
[0.273s] Level 1:colcon.colcon_core.package_identification:_identify(log) by extensions ['ignore', 'ignore_ament_install']
[0.273s] Level 1:colcon.colcon_core.package_identification:_identify(log) by extension 'ignore'
[0.273s] Level 1:colcon.colcon_core.package_identification:_identify(log) ignored
[0.273s] Level 1:colcon.colcon_core.package_identification:_identify(src) by extensions ['ignore', 'ignore_ament_install']
[0.273s] Level 1:colcon.colcon_core.package_identification:_identify(src) by extension 'ignore'
[0.273s] Level 1:colcon.colcon_core.package_identification:_identify(src) by extension 'ignore_ament_install'
[0.274s] Level 1:colcon.colcon_core.package_identification:_identify(src) by extensions ['colcon_pkg']
[0.274s] Level 1:colcon.colcon_core.package_identification:_identify(src) by extension 'colcon_pkg'
[0.274s] Level 1:colcon.colcon_core.package_identification:_identify(src) by extensions ['colcon_meta']
[0.274s] Level 1:colcon.colcon_core.package_identification:_identify(src) by extension 'colcon_meta'
[0.274s] Level 1:colcon.colcon_core.package_identification:_identify(src) by extensions ['ros']
[0.274s] Level 1:colcon.colcon_core.package_identification:_identify(src) by extension 'ros'
[0.274s] Level 1:colcon.colcon_core.package_identification:_identify(src) by extensions ['cmake', 'python']
[0.274s] Level 1:colcon.colcon_core.package_identification:_identify(src) by extension 'cmake'
[0.274s] Level 1:colcon.colcon_core.package_identification:_identify(src) by extension 'python'
[0.274s] Level 1:colcon.colcon_core.package_identification:_identify(src) by extensions ['python_setup_py']
[0.274s] Level 1:colcon.colcon_core.package_identification:_identify(src) by extension 'python_setup_py'
[0.274s] Level 1:colcon.colcon_core.package_identification:_identify(src/imu_driver_ros) by extensions ['ignore', 'ignore_ament_install']
[0.274s] Level 1:colcon.colcon_core.package_identification:_identify(src/imu_driver_ros) by extension 'ignore'
[0.274s] Level 1:colcon.colcon_core.package_identification:_identify(src/imu_driver_ros) by extension 'ignore_ament_install'
[0.274s] Level 1:colcon.colcon_core.package_identification:_identify(src/imu_driver_ros) by extensions ['colcon_pkg']
[0.274s] Level 1:colcon.colcon_core.package_identification:_identify(src/imu_driver_ros) by extension 'colcon_pkg'
[0.274s] Level 1:colcon.colcon_core.package_identification:_identify(src/imu_driver_ros) by extensions ['colcon_meta']
[0.274s] Level 1:colcon.colcon_core.package_identification:_identify(src/imu_driver_ros) by extension 'colcon_meta'
[0.274s] Level 1:colcon.colcon_core.package_identification:_identify(src/imu_driver_ros) by extensions ['ros']
[0.274s] Level 1:colcon.colcon_core.package_identification:_identify(src/imu_driver_ros) by extension 'ros'
[0.277s] DEBUG:colcon.colcon_core.package_identification:Package 'src/imu_driver_ros' with type 'ros.ament_cmake' and name 'imu_driver_ros'
[0.277s] Level 1:colcon.colcon_core.package_identification:_identify(src/imu_node) by extensions ['ignore', 'ignore_ament_install']
[0.277s] Level 1:colcon.colcon_core.package_identification:_identify(src/imu_node) by extension 'ignore'
[0.277s] Level 1:colcon.colcon_core.package_identification:_identify(src/imu_node) by extension 'ignore_ament_install'
[0.277s] Level 1:colcon.colcon_core.package_identification:_identify(src/imu_node) by extensions ['colcon_pkg']
[0.277s] Level 1:colcon.colcon_core.package_identification:_identify(src/imu_node) by extension 'colcon_pkg'
[0.278s] Level 1:colcon.colcon_core.package_identification:_identify(src/imu_node) by extensions ['colcon_meta']
[0.278s] Level 1:colcon.colcon_core.package_identification:_identify(src/imu_node) by extension 'colcon_meta'
[0.278s] Level 1:colcon.colcon_core.package_identification:_identify(src/imu_node) by extensions ['ros']
[0.278s] Level 1:colcon.colcon_core.package_identification:_identify(src/imu_node) by extension 'ros'
[0.278s] Level 1:colcon.colcon_core.package_identification:_identify(src/imu_node) by extensions ['cmake', 'python']
[0.278s] Level 1:colcon.colcon_core.package_identification:_identify(src/imu_node) by extension 'cmake'
[0.278s] Level 1:colcon.colcon_core.package_identification:_identify(src/imu_node) by extension 'python'
[0.278s] Level 1:colcon.colcon_core.package_identification:_identify(src/imu_node) by extensions ['python_setup_py']
[0.278s] Level 1:colcon.colcon_core.package_identification:_identify(src/imu_node) by extension 'python_setup_py'
[0.278s] Level 1:colcon.colcon_core.package_identification:_identify(trash) by extensions ['ignore', 'ignore_ament_install']
[0.278s] Level 1:colcon.colcon_core.package_identification:_identify(trash) by extension 'ignore'
[0.278s] Level 1:colcon.colcon_core.package_identification:_identify(trash) by extension 'ignore_ament_install'
[0.278s] Level 1:colcon.colcon_core.package_identification:_identify(trash) by extensions ['colcon_pkg']
[0.278s] Level 1:colcon.colcon_core.package_identification:_identify(trash) by extension 'colcon_pkg'
[0.278s] Level 1:colcon.colcon_core.package_identification:_identify(trash) by extensions ['colcon_meta']
[0.278s] Level 1:colcon.colcon_core.package_identification:_identify(trash) by extension 'colcon_meta'
[0.278s] Level 1:colcon.colcon_core.package_identification:_identify(trash) by extensions ['ros']
[0.278s] Level 1:colcon.colcon_core.package_identification:_identify(trash) by extension 'ros'
[0.278s] Level 1:colcon.colcon_core.package_identification:_identify(trash) by extensions ['cmake', 'python']
[0.278s] Level 1:colcon.colcon_core.package_identification:_identify(trash) by extension 'cmake'
[0.278s] Level 1:colcon.colcon_core.package_identification:_identify(trash) by extension 'python'
[0.278s] Level 1:colcon.colcon_core.package_identification:_identify(trash) by extensions ['python_setup_py']
[0.279s] Level 1:colcon.colcon_core.package_identification:_identify(trash) by extension 'python_setup_py'
[0.279s] Level 1:colcon.colcon_core.package_identification:_identify(trash/config) by extensions ['ignore', 'ignore_ament_install']
[0.279s] Level 1:colcon.colcon_core.package_identification:_identify(trash/config) by extension 'ignore'
[0.279s] Level 1:colcon.colcon_core.package_identification:_identify(trash/config) by extension 'ignore_ament_install'
[0.279s] Level 1:colcon.colcon_core.package_identification:_identify(trash/config) by extensions ['colcon_pkg']
[0.279s] Level 1:colcon.colcon_core.package_identification:_identify(trash/config) by extension 'colcon_pkg'
[0.279s] Level 1:colcon.colcon_core.package_identification:_identify(trash/config) by extensions ['colcon_meta']
[0.279s] Level 1:colcon.colcon_core.package_identification:_identify(trash/config) by extension 'colcon_meta'
[0.279s] Level 1:colcon.colcon_core.package_identification:_identify(trash/config) by extensions ['ros']
[0.279s] Level 1:colcon.colcon_core.package_identification:_identify(trash/config) by extension 'ros'
[0.279s] Level 1:colcon.colcon_core.package_identification:_identify(trash/config) by extensions ['cmake', 'python']
[0.279s] Level 1:colcon.colcon_core.package_identification:_identify(trash/config) by extension 'cmake'
[0.279s] Level 1:colcon.colcon_core.package_identification:_identify(trash/config) by extension 'python'
[0.279s] Level 1:colcon.colcon_core.package_identification:_identify(trash/config) by extensions ['python_setup_py']
[0.279s] Level 1:colcon.colcon_core.package_identification:_identify(trash/config) by extension 'python_setup_py'
[0.279s] Level 1:colcon.colcon_core.package_identification:_identify(trash/old) by extensions ['ignore', 'ignore_ament_install']
[0.279s] Level 1:colcon.colcon_core.package_identification:_identify(trash/old) by extension 'ignore'
[0.279s] Level 1:colcon.colcon_core.package_identification:_identify(trash/old) by extension 'ignore_ament_install'
[0.279s] Level 1:colcon.colcon_core.package_identification:_identify(trash/old) by extensions ['colcon_pkg']
[0.279s] Level 1:colcon.colcon_core.package_identification:_identify(trash/old) by extension 'colcon_pkg'
[0.279s] Level 1:colcon.colcon_core.package_identification:_identify(trash/old) by extensions ['colcon_meta']
[0.280s] Level 1:colcon.colcon_core.package_identification:_identify(trash/old) by extension 'colcon_meta'
[0.280s] Level 1:colcon.colcon_core.package_identification:_identify(trash/old) by extensions ['ros']
[0.280s] Level 1:colcon.colcon_core.package_identification:_identify(trash/old) by extension 'ros'
[0.280s] Level 1:colcon.colcon_core.package_identification:_identify(trash/old) by extensions ['cmake', 'python']
[0.280s] Level 1:colcon.colcon_core.package_identification:_identify(trash/old) by extension 'cmake'
[0.280s] Level 1:colcon.colcon_core.package_identification:_identify(trash/old) by extension 'python'
[0.280s] Level 1:colcon.colcon_core.package_identification:_identify(trash/old) by extensions ['python_setup_py']
[0.280s] Level 1:colcon.colcon_core.package_identification:_identify(trash/old) by extension 'python_setup_py'
[0.280s] Level 1:colcon.colcon_core.package_identification:_identify(trash/orientation) by extensions ['ignore', 'ignore_ament_install']
[0.280s] Level 1:colcon.colcon_core.package_identification:_identify(trash/orientation) by extension 'ignore'
[0.280s] Level 1:colcon.colcon_core.package_identification:_identify(trash/orientation) by extension 'ignore_ament_install'
[0.280s] Level 1:colcon.colcon_core.package_identification:_identify(trash/orientation) by extensions ['colcon_pkg']
[0.280s] Level 1:colcon.colcon_core.package_identification:_identify(trash/orientation) by extension 'colcon_pkg'
[0.280s] Level 1:colcon.colcon_core.package_identification:_identify(trash/orientation) by extensions ['colcon_meta']
[0.280s] Level 1:colcon.colcon_core.package_identification:_identify(trash/orientation) by extension 'colcon_meta'
[0.280s] Level 1:colcon.colcon_core.package_identification:_identify(trash/orientation) by extensions ['ros']
[0.280s] Level 1:colcon.colcon_core.package_identification:_identify(trash/orientation) by extension 'ros'
[0.280s] Level 1:colcon.colcon_core.package_identification:_identify(trash/orientation) by extensions ['cmake', 'python']
[0.280s] Level 1:colcon.colcon_core.package_identification:_identify(trash/orientation) by extension 'cmake'
[0.280s] Level 1:colcon.colcon_core.package_identification:_identify(trash/orientation) by extension 'python'
[0.280s] Level 1:colcon.colcon_core.package_identification:_identify(trash/orientation) by extensions ['python_setup_py']
[0.280s] Level 1:colcon.colcon_core.package_identification:_identify(trash/orientation) by extension 'python_setup_py'
[0.280s] Level 1:colcon.colcon_core.package_identification:_identify(trash/utils) by extensions ['ignore', 'ignore_ament_install']
[0.281s] Level 1:colcon.colcon_core.package_identification:_identify(trash/utils) by extension 'ignore'
[0.281s] Level 1:colcon.colcon_core.package_identification:_identify(trash/utils) by extension 'ignore_ament_install'
[0.281s] Level 1:colcon.colcon_core.package_identification:_identify(trash/utils) by extensions ['colcon_pkg']
[0.281s] Level 1:colcon.colcon_core.package_identification:_identify(trash/utils) by extension 'colcon_pkg'
[0.281s] Level 1:colcon.colcon_core.package_identification:_identify(trash/utils) by extensions ['colcon_meta']
[0.281s] Level 1:colcon.colcon_core.package_identification:_identify(trash/utils) by extension 'colcon_meta'
[0.281s] Level 1:colcon.colcon_core.package_identification:_identify(trash/utils) by extensions ['ros']
[0.281s] Level 1:colcon.colcon_core.package_identification:_identify(trash/utils) by extension 'ros'
[0.281s] Level 1:colcon.colcon_core.package_identification:_identify(trash/utils) by extensions ['cmake', 'python']
[0.281s] Level 1:colcon.colcon_core.package_identification:_identify(trash/utils) by extension 'cmake'
[0.281s] Level 1:colcon.colcon_core.package_identification:_identify(trash/utils) by extension 'python'
[0.281s] Level 1:colcon.colcon_core.package_identification:_identify(trash/utils) by extensions ['python_setup_py']
[0.281s] Level 1:colcon.colcon_core.package_identification:_identify(trash/utils) by extension 'python_setup_py'
[0.281s] Level 1:colcon.colcon_core.package_identification:_identify(trash/utils/__pycache__) by extensions ['ignore', 'ignore_ament_install']
[0.281s] Level 1:colcon.colcon_core.package_identification:_identify(trash/utils/__pycache__) by extension 'ignore'
[0.281s] Level 1:colcon.colcon_core.package_identification:_identify(trash/utils/__pycache__) by extension 'ignore_ament_install'
[0.281s] Level 1:colcon.colcon_core.package_identification:_identify(trash/utils/__pycache__) by extensions ['colcon_pkg']
[0.281s] Level 1:colcon.colcon_core.package_identification:_identify(trash/utils/__pycache__) by extension 'colcon_pkg'
[0.281s] Level 1:colcon.colcon_core.package_identification:_identify(trash/utils/__pycache__) by extensions ['colcon_meta']
[0.281s] Level 1:colcon.colcon_core.package_identification:_identify(trash/utils/__pycache__) by extension 'colcon_meta'
[0.281s] Level 1:colcon.colcon_core.package_identification:_identify(trash/utils/__pycache__) by extensions ['ros']
[0.281s] Level 1:colcon.colcon_core.package_identification:_identify(trash/utils/__pycache__) by extension 'ros'
[0.282s] Level 1:colcon.colcon_core.package_identification:_identify(trash/utils/__pycache__) by extensions ['cmake', 'python']
[0.282s] Level 1:colcon.colcon_core.package_identification:_identify(trash/utils/__pycache__) by extension 'cmake'
[0.282s] Level 1:colcon.colcon_core.package_identification:_identify(trash/utils/__pycache__) by extension 'python'
[0.282s] Level 1:colcon.colcon_core.package_identification:_identify(trash/utils/__pycache__) by extensions ['python_setup_py']
[0.282s] Level 1:colcon.colcon_core.package_identification:_identify(trash/utils/__pycache__) by extension 'python_setup_py'
[0.282s] Level 1:colcon.colcon_core.package_discovery:discover_packages(recursive) using defaults
[0.282s] Level 1:colcon.colcon_core.package_discovery:discover_packages(ignore) discover
[0.282s] Level 1:colcon.colcon_core.package_discovery:discover_packages(ignore) using defaults
[0.282s] Level 1:colcon.colcon_core.package_discovery:discover_packages(path) discover
[0.282s] Level 1:colcon.colcon_core.package_discovery:discover_packages(path) using defaults
[0.306s] Level 5:colcon.colcon_core.verb:set package 'imu_driver_ros' build argument 'cmake_args' from command line to 'None'
[0.306s] Level 5:colcon.colcon_core.verb:set package 'imu_driver_ros' build argument 'cmake_target' from command line to 'None'
[0.306s] Level 5:colcon.colcon_core.verb:set package 'imu_driver_ros' build argument 'cmake_target_skip_unavailable' from command line to 'False'
[0.306s] Level 5:colcon.colcon_core.verb:set package 'imu_driver_ros' build argument 'cmake_clean_cache' from command line to 'False'
[0.306s] Level 5:colcon.colcon_core.verb:set package 'imu_driver_ros' build argument 'cmake_clean_first' from command line to 'False'
[0.306s] Level 5:colcon.colcon_core.verb:set package 'imu_driver_ros' build argument 'cmake_force_configure' from command line to 'False'
[0.307s] Level 5:colcon.colcon_core.verb:set package 'imu_driver_ros' build argument 'ament_cmake_args' from command line to 'None'
[0.307s] Level 5:colcon.colcon_core.verb:set package 'imu_driver_ros' build argument 'catkin_cmake_args' from command line to 'None'
[0.307s] Level 5:colcon.colcon_core.verb:set package 'imu_driver_ros' build argument 'catkin_skip_building_tests' from command line to 'False'
[0.307s] DEBUG:colcon.colcon_core.verb:Building package 'imu_driver_ros' with the following arguments: {'ament_cmake_args': None, 'build_base': '/workspace/build/imu_driver_ros', 'catkin_cmake_args': None, 'catkin_skip_building_tests': False, 'cmake_args': None, 'cmake_clean_cache': False, 'cmake_clean_first': False, 'cmake_force_configure': False, 'cmake_target': None, 'cmake_target_skip_unavailable': False, 'install_base': '/workspace/install/imu_driver_ros', 'merge_install': False, 'path': '/workspace/src/imu_driver_ros', 'symlink_install': False, 'test_result_base': None}
[0.307s] INFO:colcon.colcon_core.executor:Executing jobs using 'parallel' executor
[0.308s] DEBUG:colcon.colcon_parallel_executor.executor.parallel:run_until_complete
[0.309s] INFO:colcon.colcon_ros.task.ament_cmake.build:Building ROS package in '/workspace/src/imu_driver_ros' with build type 'ament_cmake'
[0.309s] INFO:colcon.colcon_cmake.task.cmake.build:Building CMake package in '/workspace/src/imu_driver_ros'
[0.311s] INFO:colcon.colcon_core.plugin_system:Skipping extension 'colcon_core.shell.bat': Not used on non-Windows systems
[0.311s] INFO:colcon.colcon_core.shell:Skip shell extension 'powershell' for command environment: Not usable outside of PowerShell
[0.311s] DEBUG:colcon.colcon_core.shell:Skip shell extension 'dsv' for command environment
[0.321s] DEBUG:colcon.colcon_core.event_handler.log_command:Invoking command in '/workspace/build/imu_driver_ros': CMAKE_PREFIX_PATH=${CMAKE_PREFIX_PATH}:/opt/ros/humble /usr/bin/cmake --build /workspace/build/imu_driver_ros -- -j4 -l4
[12.271s] DEBUG:colcon.colcon_core.event_handler.log_command:Invoked command in '/workspace/build/imu_driver_ros' returned '0': CMAKE_PREFIX_PATH=${CMAKE_PREFIX_PATH}:/opt/ros/humble /usr/bin/cmake --build /workspace/build/imu_driver_ros -- -j4 -l4
[12.283s] DEBUG:colcon.colcon_core.event_handler.log_command:Invoking command in '/workspace/build/imu_driver_ros': CMAKE_PREFIX_PATH=${CMAKE_PREFIX_PATH}:/opt/ros/humble /usr/bin/cmake --install /workspace/build/imu_driver_ros
[12.300s] Level 1:colcon.colcon_core.environment:create_environment_scripts_only(imu_driver_ros)
[12.301s] DEBUG:colcon.colcon_core.event_handler.log_command:Invoked command in '/workspace/build/imu_driver_ros' returned '0': CMAKE_PREFIX_PATH=${CMAKE_PREFIX_PATH}:/opt/ros/humble /usr/bin/cmake --install /workspace/build/imu_driver_ros
[12.306s] Level 1:colcon.colcon_core.environment:checking '/workspace/install/imu_driver_ros' for CMake module files
[12.306s] Level 1:colcon.colcon_core.environment:checking '/workspace/install/imu_driver_ros' for CMake config files
[12.306s] Level 1:colcon.colcon_core.shell:create_environment_hook('imu_driver_ros', 'cmake_prefix_path')
[12.307s] INFO:colcon.colcon_core.shell:Creating environment hook '/workspace/install/imu_driver_ros/share/imu_driver_ros/hook/cmake_prefix_path.ps1'
[12.308s] INFO:colcon.colcon_core.shell:Creating environment descriptor '/workspace/install/imu_driver_ros/share/imu_driver_ros/hook/cmake_prefix_path.dsv'
[12.310s] INFO:colcon.colcon_core.shell:Creating environment hook '/workspace/install/imu_driver_ros/share/imu_driver_ros/hook/cmake_prefix_path.sh'
[12.312s] Level 1:colcon.colcon_core.environment:checking '/workspace/install/imu_driver_ros/lib'
[12.312s] Level 1:colcon.colcon_core.environment:checking '/workspace/install/imu_driver_ros/bin'
[12.313s] Level 1:colcon.colcon_core.environment:checking '/workspace/install/imu_driver_ros/lib/pkgconfig/imu_driver_ros.pc'
[12.314s] Level 1:colcon.colcon_core.environment:checking '/workspace/install/imu_driver_ros/lib/python3.10/site-packages'
[12.315s] Level 1:colcon.colcon_core.environment:checking '/workspace/install/imu_driver_ros/bin'
[12.315s] INFO:colcon.colcon_core.shell:Creating package script '/workspace/install/imu_driver_ros/share/imu_driver_ros/package.ps1'
[12.317s] INFO:colcon.colcon_core.shell:Creating package descriptor '/workspace/install/imu_driver_ros/share/imu_driver_ros/package.dsv'
[12.319s] INFO:colcon.colcon_core.shell:Creating package script '/workspace/install/imu_driver_ros/share/imu_driver_ros/package.sh'
[12.321s] INFO:colcon.colcon_core.shell:Creating package script '/workspace/install/imu_driver_ros/share/imu_driver_ros/package.bash'
[12.322s] INFO:colcon.colcon_core.shell:Creating package script '/workspace/install/imu_driver_ros/share/imu_driver_ros/package.zsh'
[12.323s] Level 1:colcon.colcon_core.environment:create_file_with_runtime_dependencies(/workspace/install/imu_driver_ros/share/colcon-core/packages/imu_driver_ros)
[12.324s] Level 1:colcon.colcon_core.environment:create_environment_scripts_only(imu_driver_ros)
[12.324s] Level 1:colcon.colcon_core.environment:checking '/workspace/install/imu_driver_ros' for CMake module files
[12.324s] Level 1:colcon.colcon_core.environment:checking '/workspace/install/imu_driver_ros' for CMake config files
[12.325s] Level 1:colcon.colcon_core.shell:create_environment_hook('imu_driver_ros', 'cmake_prefix_path')
[12.325s] INFO:colcon.colcon_core.shell:Creating environment hook '/workspace/install/imu_driver_ros/share/imu_driver_ros/hook/cmake_prefix_path.ps1'
[12.325s] INFO:colcon.colcon_core.shell:Creating environment descriptor '/workspace/install/imu_driver_ros/share/imu_driver_ros/hook/cmake_prefix_path.dsv'
[12.326s] INFO:colcon.colcon_core.shell:Creating environment hook '/workspace/install/imu_driver_ros/share/imu_driver_ros/hook/cmake_prefix_path.sh'
[12.327s] Level 1:colcon.colcon_core.environment:checking '/workspace/install/imu_driver_ros/lib'
[12.327s] Level 1:colcon.colcon_core.environment:checking '/workspace/install/imu_driver_ros/bin'
[12.327s] Level 1:colcon.colcon_core.environment:checking '/workspace/install/imu_driver_ros/lib/pkgconfig/imu_driver_ros.pc'
[12.327s] Level 1:colcon.colcon_core.environment:checking '/workspace/install/imu_driver_ros/lib/python3.10/site-packages'
[12.328s] Level 1:colcon.colcon_core.environment:checking '/workspace/install/imu_driver_ros/bin'
[12.328s] INFO:colcon.colcon_core.shell:Creating package script '/workspace/install/imu_driver_ros/share/imu_driver_ros/package.ps1'
[12.329s] INFO:colcon.colcon_core.shell:Creating package descriptor '/workspace/install/imu_driver_ros/share/imu_driver_ros/package.dsv'
[12.330s] INFO:colcon.colcon_core.shell:Creating package script '/workspace/install/imu_driver_ros/share/imu_driver_ros/package.sh'
[12.330s] INFO:colcon.colcon_core.shell:Creating package script '/workspace/install/imu_driver_ros/share/imu_driver_ros/package.bash'
[12.331s] INFO:colcon.colcon_core.shell:Creating package script '/workspace/install/imu_driver_ros/share/imu_driver_ros/package.zsh'
[12.331s] Level 1:colcon.colcon_core.environment:create_file_with_runtime_dependencies(/workspace/install/imu_driver_ros/share/colcon-core/packages/imu_driver_ros)
[12.332s] DEBUG:colcon.colcon_parallel_executor.executor.parallel:closing loop
[12.333s] DEBUG:colcon.colcon_parallel_executor.executor.parallel:loop closed
[12.333s] DEBUG:colcon.colcon_parallel_executor.executor.parallel:run_until_complete finished with '0'
[12.333s] DEBUG:colcon.colcon_core.event_reactor:joining thread
[12.347s] INFO:colcon.colcon_core.plugin_system:Skipping extension 'colcon_notification.desktop_notification.notify_send': Could not find 'notify-send'
[12.347s] INFO:colcon.colcon_core.plugin_system:Skipping extension 'colcon_notification.desktop_notification.terminal_notifier': Not used on non-Darwin systems
[12.347s] INFO:colcon.colcon_core.plugin_system:Skipping extension 'colcon_notification.desktop_notification.win32': Not used on non-Windows systems
[12.347s] INFO:colcon.colcon_notification.desktop_notification:Sending desktop notification using 'notify2'
[12.347s] DEBUG:colcon.colcon_notification.desktop_notification.notify2:Failed to initialize notify2: org.freedesktop.DBus.Error.NotSupported: Unable to autolaunch a dbus-daemon without a $DISPLAY for X11
[12.347s] DEBUG:colcon.colcon_core.event_reactor:joined thread
[12.348s] INFO:colcon.colcon_core.shell:Creating prefix script '/workspace/install/local_setup.ps1'
[12.350s] INFO:colcon.colcon_core.shell:Creating prefix util module '/workspace/install/_local_setup_util_ps1.py'
[12.352s] INFO:colcon.colcon_core.shell:Creating prefix chain script '/workspace/install/setup.ps1'
[12.353s] INFO:colcon.colcon_core.shell:Creating prefix script '/workspace/install/local_setup.sh'
[12.354s] INFO:colcon.colcon_core.shell:Creating prefix util module '/workspace/install/_local_setup_util_sh.py'
[12.354s] INFO:colcon.colcon_core.shell:Creating prefix chain script '/workspace/install/setup.sh'
[12.356s] INFO:colcon.colcon_core.shell:Creating prefix script '/workspace/install/local_setup.bash'
[12.357s] INFO:colcon.colcon_core.shell:Creating prefix chain script '/workspace/install/setup.bash'
[12.358s] INFO:colcon.colcon_core.shell:Creating prefix script '/workspace/install/local_setup.zsh'
[12.360s] INFO:colcon.colcon_core.shell:Creating prefix chain script '/workspace/install/setup.zsh'
