[35m[1mConsolidate compiler generated dependencies of target listener[0m
[35m[1mConsolidate compiler generated dependencies of target imu_publisher[0m
[ 40%] Built target listener
[100%] Built target imu_publisher
-- Install configuration: ""
-- Up-to-date: /workspace/install/imu_driver_ros/lib/imu_driver_ros/imu_publisher
-- Up-to-date: /workspace/install/imu_driver_ros/share/ament_index/resource_index/package_run_dependencies/imu_driver_ros
-- Up-to-date: /workspace/install/imu_driver_ros/share/ament_index/resource_index/parent_prefix_path/imu_driver_ros
-- Up-to-date: /workspace/install/imu_driver_ros/share/imu_driver_ros/environment/ament_prefix_path.sh
-- Up-to-date: /workspace/install/imu_driver_ros/share/imu_driver_ros/environment/ament_prefix_path.dsv
-- Up-to-date: /workspace/install/imu_driver_ros/share/imu_driver_ros/environment/path.sh
-- Up-to-date: /workspace/install/imu_driver_ros/share/imu_driver_ros/environment/path.dsv
-- Up-to-date: /workspace/install/imu_driver_ros/share/imu_driver_ros/local_setup.bash
-- Up-to-date: /workspace/install/imu_driver_ros/share/imu_driver_ros/local_setup.sh
-- Up-to-date: /workspace/install/imu_driver_ros/share/imu_driver_ros/local_setup.zsh
-- Up-to-date: /workspace/install/imu_driver_ros/share/imu_driver_ros/local_setup.dsv
-- Installing: /workspace/install/imu_driver_ros/share/imu_driver_ros/package.dsv
-- Up-to-date: /workspace/install/imu_driver_ros/share/ament_index/resource_index/packages/imu_driver_ros
-- Up-to-date: /workspace/install/imu_driver_ros/share/imu_driver_ros/cmake/imu_driver_rosConfig.cmake
-- Up-to-date: /workspace/install/imu_driver_ros/share/imu_driver_ros/cmake/imu_driver_rosConfig-version.cmake
-- Up-to-date: /workspace/install/imu_driver_ros/share/imu_driver_ros/package.xml
