[0.012s] Invoking command in '/workspace/build/imu_driver_ros': CMAKE_PREFIX_PATH=/opt/ros/humble /usr/bin/cmake --build /workspace/build/imu_driver_ros -- -j4 -l4
[0.061s] [35m[1mConsolidate compiler generated dependencies of target listener[0m
[0.063s] [35m[1mConsolidate compiler generated dependencies of target imu_publisher[0m
[0.082s] [ 40%] Built target listener
[0.099s] [100%] Built target imu_publisher
[0.112s] Invoked command in '/workspace/build/imu_driver_ros' returned '0': CMAKE_PREFIX_PATH=/opt/ros/humble /usr/bin/cmake --build /workspace/build/imu_driver_ros -- -j4 -l4
[0.123s] Invoking command in '/workspace/build/imu_driver_ros': CMAKE_PREFIX_PATH=/opt/ros/humble /usr/bin/cmake --install /workspace/build/imu_driver_ros
[0.131s] -- Install configuration: ""
[0.131s] -- Up-to-date: /workspace/install/imu_driver_ros/lib/imu_driver_ros/imu_publisher
[0.131s] -- Up-to-date: /workspace/install/imu_driver_ros/share/ament_index/resource_index/package_run_dependencies/imu_driver_ros
[0.131s] -- Up-to-date: /workspace/install/imu_driver_ros/share/ament_index/resource_index/parent_prefix_path/imu_driver_ros
[0.131s] -- Up-to-date: /workspace/install/imu_driver_ros/share/imu_driver_ros/environment/ament_prefix_path.sh
[0.131s] -- Up-to-date: /workspace/install/imu_driver_ros/share/imu_driver_ros/environment/ament_prefix_path.dsv
[0.131s] -- Up-to-date: /workspace/install/imu_driver_ros/share/imu_driver_ros/environment/path.sh
[0.132s] -- Up-to-date: /workspace/install/imu_driver_ros/share/imu_driver_ros/environment/path.dsv
[0.132s] -- Up-to-date: /workspace/install/imu_driver_ros/share/imu_driver_ros/local_setup.bash
[0.132s] -- Up-to-date: /workspace/install/imu_driver_ros/share/imu_driver_ros/local_setup.sh
[0.132s] -- Up-to-date: /workspace/install/imu_driver_ros/share/imu_driver_ros/local_setup.zsh
[0.132s] -- Up-to-date: /workspace/install/imu_driver_ros/share/imu_driver_ros/local_setup.dsv
[0.132s] -- Installing: /workspace/install/imu_driver_ros/share/imu_driver_ros/package.dsv
[0.132s] -- Up-to-date: /workspace/install/imu_driver_ros/share/ament_index/resource_index/packages/imu_driver_ros
[0.132s] -- Up-to-date: /workspace/install/imu_driver_ros/share/imu_driver_ros/cmake/imu_driver_rosConfig.cmake
[0.132s] -- Up-to-date: /workspace/install/imu_driver_ros/share/imu_driver_ros/cmake/imu_driver_rosConfig-version.cmake
[0.132s] -- Up-to-date: /workspace/install/imu_driver_ros/share/imu_driver_ros/package.xml
[0.135s] Invoked command in '/workspace/build/imu_driver_ros' returned '0': CMAKE_PREFIX_PATH=/opt/ros/humble /usr/bin/cmake --install /workspace/build/imu_driver_ros
