-- Found ament_cmake: 1.3.14 (/opt/ros/humble/share/ament_cmake/cmake)
-- Found rclcpp: 16.0.19 (/opt/ros/humble/share/rclcpp/cmake)
-- Found rosidl_generator_c: 3.1.9 (/opt/ros/humble/share/rosidl_generator_c/cmake)
-- Found rosidl_adapter: 3.1.9 (/opt/ros/humble/share/rosidl_adapter/cmake)
-- Found rosidl_generator_cpp: 3.1.9 (/opt/ros/humble/share/rosidl_generator_cpp/cmake)
-- Using all available rosidl_typesupport_c: rosidl_typesupport_fastrtps_c;rosidl_typesupport_introspection_c
-- Using all available rosidl_typesupport_cpp: rosidl_typesupport_fastrtps_cpp;rosidl_typesupport_introspection_cpp
-- Found rmw_implementation_cmake: 6.1.3 (/opt/ros/humble/share/rmw_implementation_cmake/cmake)
-- Found rmw_fastrtps_cpp: 6.2.10 (/opt/ros/humble/share/rmw_fastrtps_cpp/cmake)
-- Using RMW implementation 'rmw_fastrtps_cpp' as default
-- Found sensor_msgs: 4.9.2 (/opt/ros/humble/share/sensor_msgs/cmake)
-- Configuring done
-- Generating done
-- Build files have been written to: /workspace/build/imu_driver_ros
[ 20%] [32mBuilding CXX object CMakeFiles/imu_publisher.dir/src/imu_publisher.cpp.o[0m
[ 40%] [32mBuilding CXX object CMakeFiles/imu_publisher.dir/src/icm20948.cpp.o[0m
[ 60%] [32mBuilding CXX object CMakeFiles/listener.dir/src/imu_subscriber.cpp.o[0m
[ 80%] [32m[1mLinking CXX executable imu_publisher[0m
[ 80%] Built target imu_publisher
[100%] [32m[1mLinking CXX executable listener[0m
[100%] Built target listener
-- Install configuration: ""
-- Installing: /workspace/install/imu_driver_ros/lib/imu_driver_ros/imu_publisher
-- Set runtime path of "/workspace/install/imu_driver_ros/lib/imu_driver_ros/imu_publisher" to ""
-- Installing: /workspace/install/imu_driver_ros/lib/imu_driver_ros/listener
-- Set runtime path of "/workspace/install/imu_driver_ros/lib/imu_driver_ros/listener" to ""
-- Up-to-date: /workspace/install/imu_driver_ros/share/ament_index/resource_index/package_run_dependencies/imu_driver_ros
-- Installing: /workspace/install/imu_driver_ros/share/ament_index/resource_index/parent_prefix_path/imu_driver_ros
-- Up-to-date: /workspace/install/imu_driver_ros/share/imu_driver_ros/environment/ament_prefix_path.sh
-- Installing: /workspace/install/imu_driver_ros/share/imu_driver_ros/environment/ament_prefix_path.dsv
-- Up-to-date: /workspace/install/imu_driver_ros/share/imu_driver_ros/environment/path.sh
-- Installing: /workspace/install/imu_driver_ros/share/imu_driver_ros/environment/path.dsv
-- Up-to-date: /workspace/install/imu_driver_ros/share/imu_driver_ros/local_setup.bash
-- Up-to-date: /workspace/install/imu_driver_ros/share/imu_driver_ros/local_setup.sh
-- Up-to-date: /workspace/install/imu_driver_ros/share/imu_driver_ros/local_setup.zsh
-- Installing: /workspace/install/imu_driver_ros/share/imu_driver_ros/local_setup.dsv
-- Installing: /workspace/install/imu_driver_ros/share/imu_driver_ros/package.dsv
-- Up-to-date: /workspace/install/imu_driver_ros/share/ament_index/resource_index/packages/imu_driver_ros
-- Up-to-date: /workspace/install/imu_driver_ros/share/imu_driver_ros/cmake/imu_driver_rosConfig.cmake
-- Up-to-date: /workspace/install/imu_driver_ros/share/imu_driver_ros/cmake/imu_driver_rosConfig-version.cmake
-- Installing: /workspace/install/imu_driver_ros/share/imu_driver_ros/package.xml
