[0.012s] Invoking command in '/workspace/build/imu_driver_ros': CMAKE_PREFIX_PATH=${CMAKE_PREFIX_PATH}:/opt/ros/humble /usr/bin/cmake --build /workspace/build/imu_driver_ros -- -j4 -l4
[0.040s] -- Found ament_cmake: 1.3.14 (/opt/ros/humble/share/ament_cmake/cmake)
[0.179s] -- Found rclcpp: 16.0.19 (/opt/ros/humble/share/rclcpp/cmake)
[0.208s] -- Found rosidl_generator_c: 3.1.9 (/opt/ros/humble/share/rosidl_generator_c/cmake)
[0.212s] -- Found rosidl_adapter: 3.1.9 (/opt/ros/humble/share/rosidl_adapter/cmake)
[0.219s] -- Found rosidl_generator_cpp: 3.1.9 (/opt/ros/humble/share/rosidl_generator_cpp/cmake)
[0.231s] -- Using all available rosidl_typesupport_c: rosidl_typesupport_fastrtps_c;rosidl_typesupport_introspection_c
[0.247s] -- Using all available rosidl_typesupport_cpp: rosidl_typesupport_fastrtps_cpp;rosidl_typesupport_introspection_cpp
[0.286s] -- Found rmw_implementation_cmake: 6.1.3 (/opt/ros/humble/share/rmw_implementation_cmake/cmake)
[0.288s] -- Found rmw_fastrtps_cpp: 6.2.10 (/opt/ros/humble/share/rmw_fastrtps_cpp/cmake)
[0.379s] -- Using RMW implementation 'rmw_fastrtps_cpp' as default
[0.452s] -- Found sensor_msgs: 4.9.2 (/opt/ros/humble/share/sensor_msgs/cmake)
[0.584s] -- Configuring done
[0.611s] -- Generating done
[0.623s] -- Build files have been written to: /workspace/build/imu_driver_ros
[0.662s] [ 20%] [32mBuilding CXX object CMakeFiles/imu_publisher.dir/src/imu_publisher.cpp.o[0m
[0.663s] [ 40%] [32mBuilding CXX object CMakeFiles/imu_publisher.dir/src/icm20948.cpp.o[0m
[0.664s] [ 60%] [32mBuilding CXX object CMakeFiles/listener.dir/src/imu_subscriber.cpp.o[0m
[1.215s] [01m[K/workspace/src/imu_driver_ros/src/icm20948.cpp:[m[K In function ‘[01m[Kint icm_cancel_sleep_mode(int, int)[m[K’:
[1.216s] [01m[K/workspace/src/imu_driver_ros/src/icm20948.cpp:132:7:[m[K [01;35m[Kwarning: [m[Kunused variable ‘[01m[Kpower[m[K’ [[01;35m[K-Wunused-variable[m[K]
[1.217s]   132 |   int [01;35m[Kpower[m[K = read_register(file, power_adress);
[1.218s]       |       [01;35m[K^~~~~[m[K
[6.423s] [ 80%] [32m[1mLinking CXX executable imu_publisher[0m
[6.780s] [ 80%] Built target imu_publisher
[11.311s] [100%] [32m[1mLinking CXX executable listener[0m
[11.951s] [100%] Built target listener
[11.962s] Invoked command in '/workspace/build/imu_driver_ros' returned '0': CMAKE_PREFIX_PATH=${CMAKE_PREFIX_PATH}:/opt/ros/humble /usr/bin/cmake --build /workspace/build/imu_driver_ros -- -j4 -l4
[11.974s] Invoking command in '/workspace/build/imu_driver_ros': CMAKE_PREFIX_PATH=${CMAKE_PREFIX_PATH}:/opt/ros/humble /usr/bin/cmake --install /workspace/build/imu_driver_ros
[11.982s] -- Install configuration: ""
[11.982s] -- Installing: /workspace/install/imu_driver_ros/lib/imu_driver_ros/imu_publisher
[11.983s] -- Set runtime path of "/workspace/install/imu_driver_ros/lib/imu_driver_ros/imu_publisher" to ""
[11.988s] -- Installing: /workspace/install/imu_driver_ros/lib/imu_driver_ros/listener
[11.988s] -- Set runtime path of "/workspace/install/imu_driver_ros/lib/imu_driver_ros/listener" to ""
[11.988s] -- Up-to-date: /workspace/install/imu_driver_ros/share/ament_index/resource_index/package_run_dependencies/imu_driver_ros
[11.988s] -- Installing: /workspace/install/imu_driver_ros/share/ament_index/resource_index/parent_prefix_path/imu_driver_ros
[11.988s] -- Up-to-date: /workspace/install/imu_driver_ros/share/imu_driver_ros/environment/ament_prefix_path.sh
[11.989s] -- Installing: /workspace/install/imu_driver_ros/share/imu_driver_ros/environment/ament_prefix_path.dsv
[11.989s] -- Up-to-date: /workspace/install/imu_driver_ros/share/imu_driver_ros/environment/path.sh
[11.989s] -- Installing: /workspace/install/imu_driver_ros/share/imu_driver_ros/environment/path.dsv
[11.989s] -- Up-to-date: /workspace/install/imu_driver_ros/share/imu_driver_ros/local_setup.bash
[11.989s] -- Up-to-date: /workspace/install/imu_driver_ros/share/imu_driver_ros/local_setup.sh
[11.990s] -- Up-to-date: /workspace/install/imu_driver_ros/share/imu_driver_ros/local_setup.zsh
[11.990s] -- Installing: /workspace/install/imu_driver_ros/share/imu_driver_ros/local_setup.dsv
[11.990s] -- Installing: /workspace/install/imu_driver_ros/share/imu_driver_ros/package.dsv
[11.990s] -- Up-to-date: /workspace/install/imu_driver_ros/share/ament_index/resource_index/packages/imu_driver_ros
[11.990s] -- Up-to-date: /workspace/install/imu_driver_ros/share/imu_driver_ros/cmake/imu_driver_rosConfig.cmake
[11.990s] -- Up-to-date: /workspace/install/imu_driver_ros/share/imu_driver_ros/cmake/imu_driver_rosConfig-version.cmake
[11.990s] -- Installing: /workspace/install/imu_driver_ros/share/imu_driver_ros/package.xml
[11.993s] Invoked command in '/workspace/build/imu_driver_ros' returned '0': CMAKE_PREFIX_PATH=${CMAKE_PREFIX_PATH}:/opt/ros/humble /usr/bin/cmake --install /workspace/build/imu_driver_ros
